\BOOKMARK [1][-]{section.1}{\376\377\000O\000v\000e\000r\000v\000i\000e\000w}{}% 1
\BOOKMARK [1][-]{section.2}{\376\377\000T\000h\000e\000\040\000P\000r\000i\000m\000i\000t\000i\000v\000e\000\040\000O\000p\000e\000r\000a\000t\000o\000r\000s}{}% 2
\BOOKMARK [1][-]{section.3}{\376\377\000G\000e\000o\000m\000e\000t\000r\000i\000c\000\040\000D\000S\000L\000\040\000\050\000F\000r\000o\000n\000t\000-\000E\000n\000d\000\051}{}% 3
\BOOKMARK [2][-]{subsection.3.1}{\376\377\000G\000r\000a\000m\000m\000a\000r\000\040\000\050\000E\000B\000N\000F\000\051}{section.3}% 4
\BOOKMARK [2][-]{subsection.3.2}{\376\377\000S\000e\000m\000a\000n\000t\000i\000c\000s\000-\000b\000y\000-\000s\000u\000r\000f\000a\000c\000e}{section.3}% 5
\BOOKMARK [1][-]{section.4}{\376\377\000T\000h\000e\000\040\000D\000e\000r\000i\000v\000e\000d\000\040\000S\000u\000r\000f\000a\000c\000e\000\040\000C\000a\000l\000c\000u\000l\000u\000s}{}% 6
\BOOKMARK [2][-]{subsection.4.1}{\376\377\000S\000y\000n\000t\000a\000x}{section.4}% 7
\BOOKMARK [2][-]{subsection.4.2}{\376\377\000T\000y\000p\000i\000n\000g\000\040\000R\000u\000l\000e\000s}{section.4}% 8
\BOOKMARK [2][-]{subsection.4.3}{\376\377\000C\000o\000l\000l\000a\000p\000s\000e\000\040\000R\000u\000l\000e\000s\000\040\000a\000n\000d\000\040\000t\000h\000e\000\040\000Q\000u\000o\000t\000i\000e\000n\000t\000\040\000C\000o\000n\000s\000t\000r\000u\000c\000t\000i\000o\000n}{section.4}% 9
\BOOKMARK [2][-]{subsection.4.4}{\376\377\000D\000e\000s\000u\000g\000a\000r\000i\000n\000g\000\040\000i\000n\000t\000o\000\040\000t\000h\000e\000\040\000F\000o\000u\000r\000\040\000P\000r\000i\000m\000i\000t\000i\000v\000e\000s}{section.4}% 10
\BOOKMARK [2][-]{subsection.4.5}{\376\377\000F\000u\000n\000c\000t\000i\000o\000n\000a\000l\000\040\000C\000o\000m\000p\000l\000e\000t\000e\000n\000e\000s\000s}{section.4}% 11
\BOOKMARK [2][-]{subsection.4.6}{\376\377\000O\000p\000e\000r\000a\000t\000i\000o\000n\000a\000l\000\040\000S\000e\000m\000a\000n\000t\000i\000c\000s\000\040\000o\000f\000\040\000t\000h\000e\000\040\000S\000u\000r\000f\000a\000c\000e\000\040\000C\000a\000l\000c\000u\000l\000u\000s}{section.4}% 12
\BOOKMARK [1][-]{section.5}{\376\377\000T\000y\000p\000e\000-\000T\000h\000e\000o\000r\000e\000t\000i\000c\000\040\000L\000a\000y\000e\000r}{}% 13
\BOOKMARK [1][-]{section.6}{\376\377\000F\000r\000o\000m\000\040\000C\000a\000l\000c\000u\000l\000u\000s\000\040\000t\000o\000\040\000E\000v\000e\000n\000t\000\040\000A\000l\000g\000e\000b\000r\000a}{}% 14
\BOOKMARK [2][-]{subsection.6.1}{\376\377\000A\000u\000t\000h\000o\000r\000i\000t\000a\000t\000i\000v\000e\000\040\000H\000i\000s\000t\000o\000r\000y\000,\000\040\000R\000e\000p\000l\000a\000y\000,\000\040\000P\000r\000o\000p\000o\000s\000a\000l\000s\000,\000\040\000O\000b\000s\000e\000r\000v\000a\000t\000i\000o\000n}{section.6}% 15
\BOOKMARK [2][-]{subsection.6.2}{\376\377\000U\000t\000i\000l\000i\000t\000y\000\040\000T\000a\000x\000o\000n\000o\000m\000y}{section.6}% 16
\BOOKMARK [1][-]{section.7}{\376\377\000R\000e\000f\000e\000r\000e\000n\000c\000e\000\040\000I\000m\000p\000l\000e\000m\000e\000n\000t\000a\000t\000i\000o\000n\000\040\000\050\000H\000a\000s\000k\000e\000l\000l\000\051}{}% 17
\BOOKMARK [2][-]{subsection.7.1}{\376\377\000C\000o\000r\000e\000\040\000A\000S\000T}{section.7}% 18
\BOOKMARK [2][-]{subsection.7.2}{\376\377\000T\000y\000p\000i\000n\000g\000\040\000\050\000S\000k\000e\000t\000c\000h\000\051}{section.7}% 19
\BOOKMARK [1][-]{section.8}{\376\377\000K\000e\000r\000n\000e\000l\000\040\000R\000e\000f\000e\000r\000e\000n\000c\000e\000\040\000I\000m\000p\000l\000e\000m\000e\000n\000t\000a\000t\000i\000o\000n\000\040\000\050\000R\000u\000s\000t\000\051}{}% 20
\BOOKMARK [2][-]{subsection.8.1}{\376\377\000E\000v\000e\000n\000t\000\040\000T\000y\000p\000e\000s\000\040\000a\000n\000d\000\040\000A\000B\000I\000\040\000L\000a\000y\000o\000u\000t}{section.8}% 21
\BOOKMARK [2][-]{subsection.8.2}{\376\377\000H\000i\000s\000t\000o\000r\000y\000,\000\040\000O\000p\000t\000i\000o\000n\000\040\000S\000p\000a\000c\000e\000,\000\040\000a\000n\000d\000\040\000R\000e\000p\000l\000a\000y}{section.8}% 22
\BOOKMARK [2][-]{subsection.8.3}{\376\377\000C\000o\000l\000l\000a\000p\000s\000e\000\040\000R\000u\000l\000e\000s}{section.8}% 23
\BOOKMARK [2][-]{subsection.8.4}{\376\377\000A\000r\000b\000i\000t\000e\000r\000\040\000a\000n\000d\000\040\000P\000r\000o\000p\000o\000s\000a\000l\000s}{section.8}% 24
\BOOKMARK [2][-]{subsection.8.5}{\376\377\000O\000v\000e\000r\000l\000a\000y\000\040\000M\000a\000n\000a\000g\000e\000r\000\040\000a\000n\000d\000\040\000P\000r\000e\000v\000i\000e\000w\000-\000C\000o\000m\000m\000i\000t}{section.8}% 25
\BOOKMARK [2][-]{subsection.8.6}{\376\377\000W\000o\000r\000k\000e\000d\000\040\000T\000r\000a\000c\000e}{section.8}% 26
\BOOKMARK [1][-]{section.9}{\376\377\000G\000e\000o\000m\000e\000t\000r\000i\000c\000\040\000S\000e\000m\000a\000n\000t\000i\000c\000s}{}% 27
\BOOKMARK [1][-]{section.10}{\376\377\000P\000i\000p\000e\000l\000i\000n\000e}{}% 28
\BOOKMARK [1][-]{section.11}{\376\377\000E\000x\000a\000m\000p\000l\000e}{}% 29
\BOOKMARK [2][-]{subsection.11.1}{\376\377\000D\000S\000L}{section.11}% 30
\BOOKMARK [2][-]{subsection.11.2}{\376\377\000L\000o\000w\000e\000r\000e\000d\000\040\000C\000o\000r\000e}{section.11}% 31
\BOOKMARK [2][-]{subsection.11.3}{\376\377\000E\000x\000p\000l\000a\000n\000a\000t\000i\000o\000n}{section.11}% 32
\BOOKMARK [1][-]{appendix.A}{\376\377\000A\000p\000p\000e\000n\000d\000i\000x\000\040\000A\000:\000\040\000T\000y\000p\000i\000n\000g\000\040\000D\000e\000r\000i\000v\000a\000t\000i\000o\000n\000s}{}% 33
\BOOKMARK [1][-]{appendix.B}{\376\377\000A\000p\000p\000e\000n\000d\000i\000x\000\040\000B\000:\000\040\000O\000p\000e\000r\000a\000t\000i\000o\000n\000a\000l\000\040\000S\000e\000m\000a\000n\000t\000i\000c\000s\000\040\000P\000r\000o\000o\000f\000s}{}% 34
\BOOKMARK [1][-]{appendix.C}{\376\377\000A\000p\000p\000e\000n\000d\000i\000x\000\040\000C\000:\000\040\000C\000a\000t\000e\000g\000o\000r\000y\000-\000T\000h\000e\000o\000r\000e\000t\000i\000c\000\040\000I\000n\000t\000e\000r\000p\000r\000e\000t\000a\000t\000i\000o\000n}{}% 35
