This is LuaHBTeX, Version 1.17.0 (TeX Live 2023/Debian)  (format=lualatex 2026.5.3)  26 JUL 2026 19:47
 restricted system commands enabled.
**Spherepop_Specifications.tex
(./Spherepop_Specifications.tex
LaTeX2e <2023-11-01> patch level 1
L3 programming layer <2024-01-22>
Lua module: luaotfload 2023-08-31 3.26 Lua based OpenType font support
Lua module: lualibs 2023-07-13 2.76 ConTeXt Lua standard libraries.
Lua module: lualibs-extended 2023-07-13 2.76 ConTeXt Lua libraries -- extended c
ollection.
luaotfload | conf : Root cache directory is "/home/flyxion/.texlive2023/texmf-va
r/luatex-cache/generic/names".
luaotfload | init : Loading fontloader "fontloader-2023-08-19.lua" from kpse-res
olved path "/usr/share/texlive/texmf-dist/tex/luatex/luaotfload/fontloader-2023-
08-19.lua".
Lua-only attribute luaotfload@noligature = 1
luaotfload | init : Context OpenType loader version 3.133
Inserting `luaotfload.node_processor' in `pre_linebreak_filter'.
Inserting `luaotfload.node_processor' in `hpack_filter'.
Inserting `luaotfload.glyph_stream' in `glyph_stream_provider'.
Inserting `luaotfload.define_font' in `define_font'.
Lua-only attribute luaotfload_color_attribute = 2
luaotfload | conf : Root cache directory is "/home/flyxion/.texlive2023/texmf-va
r/luatex-cache/generic/names".
Inserting `luaotfload.harf.strip_prefix' in `find_opentype_file'.
Inserting `luaotfload.harf.strip_prefix' in `find_truetype_file'.
Removing  `luaotfload.glyph_stream' from `glyph_stream_provider'.
Inserting `luaotfload.harf.glyphstream' in `glyph_stream_provider'.
Inserting `luaotfload.harf.finalize_vlist' in `post_linebreak_filter'.
Inserting `luaotfload.harf.finalize_hlist' in `hpack_filter'.
Inserting `luaotfload.cleanup_files' in `wrapup_run'.
Inserting `luaotfload.harf.finalize_unicode' in `finish_pdffile'.
Inserting `luaotfload.glyphinfo' in `glyph_info'.
Lua-only attribute luaotfload.letterspace_done = 3
Inserting `luaotfload.aux.set_sscale_dimens' in `luaotfload.patch_font'.
Inserting `luaotfload.aux.set_font_index' in `luaotfload.patch_font'.
Inserting `luaotfload.aux.patch_cambria_domh' in `luaotfload.patch_font'.
Inserting `luaotfload.aux.fixup_fontdata' in `luaotfload.patch_font_unsafe'.
Inserting `luaotfload.aux.set_capheight' in `luaotfload.patch_font'.
Inserting `luaotfload.aux.set_xheight' in `luaotfload.patch_font'.
Inserting `luaotfload.rewrite_fontname' in `luaotfload.patch_font'.
Inserting `tracingstacklevels' in `input_level_string'. (/usr/share/texlive/tex
mf-dist/tex/latex/base/article.cls
Document Class: article 2023/05/17 v1.4n Standard LaTeX document class
(/usr/share/texlive/texmf-dist/tex/latex/base/size12.clo
File: size12.clo 2023/05/17 v1.4n Standard LaTeX file (size option)
luaotfload | db : Font names database loaded from /home/flyxion/.texlive2023/tex
mf-var/luatex-cache/generic/names/luaotfload-names.luc.gz)
\c@part=\count185
\c@section=\count186
\c@subsection=\count187
\c@subsubsection=\count188
\c@paragraph=\count189
\c@subparagraph=\count190
\c@figure=\count191
\c@table=\count192
\abovecaptionskip=\skip48
\belowcaptionskip=\skip49
\bibindent=\dimen139
)
(/usr/share/texlive/texmf-dist/tex/latex/geometry/geometry.sty
Package: geometry 2020/01/02 v5.9 Page Geometry

(/usr/share/texlive/texmf-dist/tex/latex/graphics/keyval.sty
Package: keyval 2022/05/29 v1.15 key=value parser (DPC)
\KV@toks@=\toks17
)
(/usr/share/texlive/texmf-dist/tex/generic/iftex/ifvtex.sty
Package: ifvtex 2019/10/25 v1.7 ifvtex legacy package. Use iftex instead.

(/usr/share/texlive/texmf-dist/tex/generic/iftex/iftex.sty
Package: iftex 2022/02/03 v1.0f TeX engine tests
))
\Gm@cnth=\count193
\Gm@cntv=\count194
\c@Gm@tempcnt=\count195
\Gm@bindingoffset=\dimen140
\Gm@wd@mp=\dimen141
\Gm@odd@mp=\dimen142
\Gm@even@mp=\dimen143
\Gm@layoutwidth=\dimen144
\Gm@layoutheight=\dimen145
\Gm@layouthoffset=\dimen146
\Gm@layoutvoffset=\dimen147
\Gm@dimlist=\toks18
)
(/usr/share/texlive/texmf-dist/tex/latex/amsmath/amsmath.sty
Package: amsmath 2023/05/13 v2.17o AMS math features
\@mathmargin=\skip50

For additional information on amsmath, use the `?' option.
(/usr/share/texlive/texmf-dist/tex/latex/amsmath/amstext.sty
Package: amstext 2021/08/26 v2.01 AMS text

(/usr/share/texlive/texmf-dist/tex/latex/amsmath/amsgen.sty
File: amsgen.sty 1999/11/30 v2.0 generic functions
\@emptytoks=\toks19
\ex@=\dimen148
))
(/usr/share/texlive/texmf-dist/tex/latex/amsmath/amsbsy.sty
Package: amsbsy 1999/11/29 v1.2d Bold Symbols
\pmbraise@=\dimen149
)
(/usr/share/texlive/texmf-dist/tex/latex/amsmath/amsopn.sty
Package: amsopn 2022/04/08 v2.04 operator names
)
\inf@bad=\count196
LaTeX Info: Redefining \frac on input line 236.
\uproot@=\count197
\leftroot@=\count198
LaTeX Info: Redefining \overline on input line 399.
LaTeX Info: Redefining \colon on input line 410.
\classnum@=\count199
\DOTSCASE@=\count266
LaTeX Info: Redefining \ldots on input line 496.
LaTeX Info: Redefining \dots on input line 499.
LaTeX Info: Redefining \cdots on input line 620.
\Mathstrutbox@=\box51
\strutbox@=\box52
LaTeX Info: Redefining \big on input line 722.
LaTeX Info: Redefining \Big on input line 723.
LaTeX Info: Redefining \bigg on input line 724.
LaTeX Info: Redefining \Bigg on input line 725.
\big@size=\dimen150
LaTeX Font Info:    Redeclaring font encoding OML on input line 743.
LaTeX Font Info:    Redeclaring font encoding OMS on input line 744.
\macc@depth=\count267
LaTeX Info: Redefining \bmod on input line 905.
LaTeX Info: Redefining \pmod on input line 910.
LaTeX Info: Redefining \smash on input line 940.
LaTeX Info: Redefining \relbar on input line 970.
LaTeX Info: Redefining \Relbar on input line 971.
\c@MaxMatrixCols=\count268
\dotsspace@=\muskip16
\c@parentequation=\count269
\dspbrk@lvl=\count270
\tag@help=\toks20
\row@=\count271
\column@=\count272
\maxfields@=\count273
\andhelp@=\toks21
\eqnshift@=\dimen151
\alignsep@=\dimen152
\tagshift@=\dimen153
\tagwidth@=\dimen154
\totwidth@=\dimen155
\lineht@=\dimen156
\@envbody=\toks22
\multlinegap=\skip51
\multlinetaggap=\skip52
\mathdisplay@stack=\toks23
LaTeX Info: Redefining \[ on input line 2953.
LaTeX Info: Redefining \] on input line 2954.
)
(/usr/share/texlive/texmf-dist/tex/latex/amsfonts/amssymb.sty
Package: amssymb 2013/01/14 v3.01 AMS font symbols

(/usr/share/texlive/texmf-dist/tex/latex/amsfonts/amsfonts.sty
Package: amsfonts 2013/01/14 v3.01 Basic AMSFonts support
\symAMSa=\mathgroup4
\symAMSb=\mathgroup5
LaTeX Font Info:    Redeclaring math symbol \hbar on input line 98.
LaTeX Font Info:    Overwriting math alphabet `\mathfrak' in version `bold'
(Font)                  U/euf/m/n --> U/euf/b/n on input line 106.
))
(/usr/share/texlive/texmf-dist/tex/latex/amscls/amsthm.sty
Package: amsthm 2020/05/29 v2.20.6
\thm@style=\toks24
\thm@bodyfont=\toks25
\thm@headfont=\toks26
\thm@notefont=\toks27
\thm@headpunct=\toks28
\thm@preskip=\skip53
\thm@postskip=\skip54
\thm@headsep=\skip55
\dth@everypar=\toks29
)
(/usr/share/texlive/texmf-dist/tex/latex/mathtools/mathtools.sty
Package: mathtools 2022/06/29 v1.29 mathematical typesetting tools

(/usr/share/texlive/texmf-dist/tex/latex/tools/calc.sty
Package: calc 2023/07/08 v4.3 Infix arithmetic (KKT,FJ)
\calc@Acount=\count274
\calc@Bcount=\count275
\calc@Adimen=\dimen157
\calc@Bdimen=\dimen158
\calc@Askip=\skip56
\calc@Bskip=\skip57
LaTeX Info: Redefining \setlength on input line 80.
LaTeX Info: Redefining \addtolength on input line 81.
\calc@Ccount=\count276
\calc@Cskip=\skip58
)
(/usr/share/texlive/texmf-dist/tex/latex/mathtools/mhsetup.sty
Package: mhsetup 2021/03/18 v1.4 programming setup (MH)
)
\g_MT_multlinerow_int=\count277
\l_MT_multwidth_dim=\dimen159
\origjot=\skip59
\l_MT_shortvdotswithinadjustabove_dim=\dimen160
\l_MT_shortvdotswithinadjustbelow_dim=\dimen161
\l_MT_above_intertext_sep=\dimen162
\l_MT_below_intertext_sep=\dimen163
\l_MT_above_shortintertext_sep=\dimen164
\l_MT_below_shortintertext_sep=\dimen165
\xmathstrut@box=\box53
\xmathstrut@dim=\dimen166
)
(/usr/share/texlive/texmf-dist/tex/latex/tools/bm.sty
Package: bm 2023/07/08 v1.2f Bold Symbol Support (DPC/FMi)
\symboldoperators=\mathgroup6
\symboldletters=\mathgroup7
\symboldsymbols=\mathgroup8
Package bm Info: No bold for \OMX/cmex/m/n, using \pmb.
Package bm Info: No bold for \U/msa/m/n, using \pmb.
Package bm Info: No bold for \U/msb/m/n, using \pmb.
LaTeX Font Info:    Redeclaring math alphabet \mathbf on input line 149.
)
(/usr/share/texlive/texmf-dist/tex/latex/jknapltx/mathrsfs.sty
Package: mathrsfs 1996/01/01 Math RSFS package v1.0 (jk)
\symrsfs=\mathgroup9
)
(/usr/share/texlive/texmf-dist/tex/latex/hyperref/hyperref.sty
Package: hyperref 2024-01-20 v7.01h Hypertext links for LaTeX

(/usr/share/texlive/texmf-dist/tex/latex/kvsetkeys/kvsetkeys.sty
Package: kvsetkeys 2022-10-05 v1.19 Key value parser (HO)
)
(/usr/share/texlive/texmf-dist/tex/generic/kvdefinekeys/kvdefinekeys.sty
Package: kvdefinekeys 2019-12-19 v1.6 Define keys (HO)
)
(/usr/share/texlive/texmf-dist/tex/generic/pdfescape/pdfescape.sty
Package: pdfescape 2019/12/09 v1.15 Implements pdfTeX's escape features (HO)

(/usr/share/texlive/texmf-dist/tex/generic/ltxcmds/ltxcmds.sty
Package: ltxcmds 2023-12-04 v1.26 LaTeX kernel commands for general use (HO)
)
(/usr/share/texlive/texmf-dist/tex/generic/pdftexcmds/pdftexcmds.sty
Package: pdftexcmds 2020-06-27 v0.33 Utility functions of pdfTeX for LuaTeX (HO
)

(/usr/share/texlive/texmf-dist/tex/generic/infwarerr/infwarerr.sty
Package: infwarerr 2019/12/03 v1.5 Providing info/warning/error messages (HO)
)
Package pdftexcmds Info: \pdf@primitive is available.
Package pdftexcmds Info: \pdf@ifprimitive is available.
Package pdftexcmds Info: \pdfdraftmode found.
\pdftexcmds@toks=\toks30
))
(/usr/share/texlive/texmf-dist/tex/latex/hycolor/hycolor.sty
Package: hycolor 2020-01-27 v1.10 Color options for hyperref/bookmark (HO)
)
(/usr/share/texlive/texmf-dist/tex/latex/auxhook/auxhook.sty
Package: auxhook 2019-12-17 v1.6 Hooks for auxiliary files (HO)
)
(/usr/share/texlive/texmf-dist/tex/latex/hyperref/nameref.sty
Package: nameref 2023-11-26 v2.56 Cross-referencing by name of section

(/usr/share/texlive/texmf-dist/tex/latex/refcount/refcount.sty
Package: refcount 2019/12/15 v3.6 Data extraction from label references (HO)
)
(/usr/share/texlive/texmf-dist/tex/generic/gettitlestring/gettitlestring.sty
Package: gettitlestring 2019/12/15 v1.6 Cleanup title references (HO)

(/usr/share/texlive/texmf-dist/tex/latex/kvoptions/kvoptions.sty
Package: kvoptions 2022-06-15 v3.15 Key value format for package options (HO)
))
\c@section@level=\count278
)
(/usr/share/texlive/texmf-dist/tex/latex/etoolbox/etoolbox.sty
Package: etoolbox 2020/10/05 v2.5k e-TeX tools for LaTeX (JAW)
\etb@tempcnta=\count279
)
\@linkdim=\dimen167
\Hy@linkcounter=\count280
\Hy@pagecounter=\count281

(/usr/share/texlive/texmf-dist/tex/latex/hyperref/pd1enc.def
File: pd1enc.def 2024-01-20 v7.01h Hyperref: PDFDocEncoding definition (HO)
)
(/usr/share/texlive/texmf-dist/tex/generic/intcalc/intcalc.sty
Package: intcalc 2019/12/15 v1.3 Expandable calculations with integers (HO)
)
\Hy@SavedSpaceFactor=\count282

(/usr/share/texlive/texmf-dist/tex/latex/hyperref/puenc.def
File: puenc.def 2024-01-20 v7.01h Hyperref: PDF Unicode definition (HO)
)
Package hyperref Info: Hyper figures OFF on input line 4179.
Package hyperref Info: Link nesting OFF on input line 4184.
Package hyperref Info: Hyper index ON on input line 4187.
Package hyperref Info: Plain pages OFF on input line 4194.
Package hyperref Info: Backreferencing OFF on input line 4199.
Package hyperref Info: Implicit mode ON; LaTeX internals redefined.
Package hyperref Info: Bookmarks ON on input line 4446.
\c@Hy@tempcnt=\count283

(/usr/share/texlive/texmf-dist/tex/latex/url/url.sty
\Urlmuskip=\muskip17
Package: url 2013/09/16  ver 3.4  Verb mode for urls, etc.
)
LaTeX Info: Redefining \url on input line 4784.
\XeTeXLinkMargin=\dimen168

(/usr/share/texlive/texmf-dist/tex/generic/bitset/bitset.sty
Package: bitset 2019/12/09 v1.3 Handle bit-vector datatype (HO)

(/usr/share/texlive/texmf-dist/tex/generic/bigintcalc/bigintcalc.sty
Package: bigintcalc 2019/12/15 v1.5 Expandable calculations on big integers (HO
)
))
\Fld@menulength=\count284
\Field@Width=\dimen169
\Fld@charsize=\dimen170
Package hyperref Info: Hyper figures OFF on input line 6063.
Package hyperref Info: Link nesting OFF on input line 6068.
Package hyperref Info: Hyper index ON on input line 6071.
Package hyperref Info: backreferencing OFF on input line 6078.
Package hyperref Info: Link coloring OFF on input line 6083.
Package hyperref Info: Link coloring with OCG OFF on input line 6088.
Package hyperref Info: PDF/A mode OFF on input line 6093.

(/usr/share/texlive/texmf-dist/tex/latex/base/atbegshi-ltx.sty
Package: atbegshi-ltx 2021/01/10 v1.0c Emulation of the original atbegshi
package with kernel methods
)
\Hy@abspage=\count285
\c@Item=\count286
\c@Hfootnote=\count287
)
Package hyperref Info: Driver (autodetected): hluatex.

(/usr/share/texlive/texmf-dist/tex/latex/hyperref/hluatex.def
File: hluatex.def 2024-01-20 v7.01h Hyperref driver for luaTeX

(/usr/share/texlive/texmf-dist/tex/generic/stringenc/stringenc.sty
Package: stringenc 2019/11/29 v1.12 Convert strings between diff. encodings (HO
)
)
(/usr/share/texlive/texmf-dist/tex/latex/base/atveryend-ltx.sty
Package: atveryend-ltx 2020/08/19 v1.0a Emulation of the original atveryend pac
kage
with kernel methods
)
\Fld@listcount=\count288
\c@bookmark@seq@number=\count289

(/usr/share/texlive/texmf-dist/tex/latex/rerunfilecheck/rerunfilecheck.sty
Package: rerunfilecheck 2022-07-10 v1.10 Rerun checks for auxiliary files (HO)

(/usr/share/texlive/texmf-dist/tex/generic/uniquecounter/uniquecounter.sty
Package: uniquecounter 2019/12/15 v1.4 Provide unlimited unique counter (HO)
)
Package uniquecounter Info: New unique counter `rerunfilecheck' on input line 2
85.
)
\Hy@SectionHShift=\skip60
)
(/usr/share/texlive/texmf-dist/tex/latex/enumitem/enumitem.sty
Package: enumitem 2019/06/20 v3.9 Customized lists
\labelindent=\skip61
\enit@outerparindent=\dimen171
\enit@toks=\toks31
\enit@inbox=\box54
\enit@count@id=\count290
\enitdp@description=\count291
)
(/usr/share/texlive/texmf-dist/tex/latex/base/fontenc.sty
Package: fontenc 2021/04/29 v2.0v Standard LaTeX package
LaTeX Font Info:    Trying to load font information for T1+lmr on input line 11
2.

(/usr/share/texmf/tex/latex/lm/t1lmr.fd
File: t1lmr.fd 2015/05/01 v1.6.1 Font defs for Latin Modern
))
(/usr/share/texlive/texmf-dist/tex/latex/base/inputenc.sty
Package: inputenc 2021/02/14 v1.3d Input encoding file
\inpenc@prehook=\toks32
\inpenc@posthook=\toks33


Package inputenc Warning: inputenc package ignored with utf8 based engines.

)
\c@definition=\count292
\c@theorem=\count293
\c@lemma=\count294
\c@proposition=\count295
\c@corollary=\count296
\c@example=\count297
\c@remark=\count298
\c@invariant=\count299
\c@requirement=\count300
\c@conformance=\count301
 (/usr/share/texlive/texmf-dist/tex/latex/l3backend/l3backend-luatex.def
File: l3backend-luatex.def 2024-01-04 L3 backend support: PDF output (LuaTeX)
\l__color_backend_stack_int=\count302
Inserting `l3color' in `luaotfload.parse_color'.
\l__pdf_internal_box=\box55
)
(./Spherepop_Specifications.aux)
\openout1 = Spherepop_Specifications.aux

LaTeX Font Info:    Checking defaults for OML/cmm/m/it on input line 123.
LaTeX Font Info:    ... okay on input line 123.
LaTeX Font Info:    Checking defaults for OMS/cmsy/m/n on input line 123.
LaTeX Font Info:    ... okay on input line 123.
LaTeX Font Info:    Checking defaults for OT1/cmr/m/n on input line 123.
LaTeX Font Info:    ... okay on input line 123.
LaTeX Font Info:    Checking defaults for T1/cmr/m/n on input line 123.
LaTeX Font Info:    ... okay on input line 123.
LaTeX Font Info:    Checking defaults for TS1/cmr/m/n on input line 123.
LaTeX Font Info:    Trying to load font information for TS1+cmr on input line 1
23.

(/usr/share/texlive/texmf-dist/tex/latex/base/ts1cmr.fd
File: ts1cmr.fd 2023/04/13 v2.5m Standard LaTeX font definitions
)
LaTeX Font Info:    ... okay on input line 123.
LaTeX Font Info:    Checking defaults for TU/lmr/m/n on input line 123.
LaTeX Font Info:    ... okay on input line 123.
LaTeX Font Info:    Checking defaults for OMX/cmex/m/n on input line 123.
LaTeX Font Info:    ... okay on input line 123.
LaTeX Font Info:    Checking defaults for U/cmr/m/n on input line 123.
LaTeX Font Info:    ... okay on input line 123.
LaTeX Font Info:    Checking defaults for PD1/pdf/m/n on input line 123.
LaTeX Font Info:    ... okay on input line 123.
LaTeX Font Info:    Checking defaults for PU/pdf/m/n on input line 123.
LaTeX Font Info:    ... okay on input line 123.

*geometry* driver: auto-detecting
*geometry* detected driver: luatex
*geometry* verbose mode - [ preamble ] result:
* driver: luatex
* paper: a4paper
* layout: <same size as paper>
* layoutoffset:(h,v)=(0.0pt,0.0pt)
* modes: 
* h-part:(L,W,R)=(72.26999pt, 452.9679pt, 72.26999pt)
* v-part:(T,H,B)=(72.26999pt, 700.50687pt, 72.26999pt)
* \paperwidth=597.50787pt
* \paperheight=845.04684pt
* \textwidth=452.9679pt
* \textheight=700.50687pt
* \oddsidemargin=0.0pt
* \evensidemargin=0.0pt
* \topmargin=-37.0pt
* \headheight=12.0pt
* \headsep=25.0pt
* \topskip=12.0pt
* \footskip=30.0pt
* \marginparwidth=44.0pt
* \marginparsep=10.0pt
* \columnsep=10.0pt
* \skip\footins=10.8pt plus 4.0pt minus 2.0pt
* \hoffset=0.0pt
* \voffset=0.0pt
* \mag=1000
* \@twocolumnfalse
* \@twosidefalse
* \@mparswitchfalse
* \@reversemarginfalse
* (1in=72.27pt=25.4mm, 1cm=28.453pt)

(/usr/share/texlive/texmf-dist/tex/latex/graphics/graphicx.sty
Package: graphicx 2021/09/16 v1.2d Enhanced LaTeX Graphics (DPC,SPQR)

(/usr/share/texlive/texmf-dist/tex/latex/graphics/graphics.sty
Package: graphics 2022/03/10 v1.4e Standard LaTeX Graphics (DPC,SPQR)

(/usr/share/texlive/texmf-dist/tex/latex/graphics/trig.sty
Package: trig 2021/08/11 v1.11 sin cos tan (DPC)
)
(/usr/share/texlive/texmf-dist/tex/latex/graphics-cfg/graphics.cfg
File: graphics.cfg 2016/06/04 v1.11 sample graphics configuration
)
Package graphics Info: Driver file: luatex.def on input line 107.

(/usr/share/texlive/texmf-dist/tex/latex/graphics-def/luatex.def
File: luatex.def 2022/09/22 v1.2d Graphics/color driver for luatex

(/usr/share/texlive/texmf-dist/tex/context/base/mkii/supp-pdf.mkii
[Loading MPS to PDF converter (version 2006.09.02).]
\scratchcounter=\count303
\scratchdimen=\dimen172
\scratchbox=\box56
\nofMPsegments=\count304
\nofMParguments=\count305
\everyMPshowfont=\toks34
\MPscratchCnt=\count306
\MPscratchDim=\dimen173
\MPnumerator=\count307
\makeMPintoPDFobject=\count308
\everyMPtoPDFconversion=\toks35
))) (/usr/share/texlive/texmf-dist/tex/latex/epstopdf-pkg/epstopdf-base.sty
Package: epstopdf-base 2020-01-24 v2.11 Base part for package epstopdf
Package epstopdf-base Info: Redefining graphics rule for `.eps' on input line 4
85.

(/usr/share/texlive/texmf-dist/tex/latex/latexconfig/epstopdf-sys.cfg
File: epstopdf-sys.cfg 2010/07/13 v1.3 Configuration of (r)epstopdf for TeX Liv
e
))
\Gin@req@height=\dimen174
\Gin@req@width=\dimen175
)
Package hyperref Info: Link coloring OFF on input line 123.

(./Spherepop_Specifications.out) (./Spherepop_Specifications.out)
\@outlinefile=\write3

\openout3 = Spherepop_Specifications.out
LaTeX Font Info:    Trying to load font information for U+msa on input line 125
.

(/usr/share/texlive/texmf-dist/tex/latex/amsfonts/umsa.fd
File: umsa.fd 2013/01/14 v3.01 AMS symbols A
)
LaTeX Font Info:    Trying to load font information for U+msb on input line 125
.

(/usr/share/texlive/texmf-dist/tex/latex/amsfonts/umsb.fd
File: umsb.fd 2013/01/14 v3.01 AMS symbols B
)
LaTeX Font Info:    Trying to load font information for U+rsfs on input line 12
5.

(/usr/share/texlive/texmf-dist/tex/latex/jknapltx/ursfs.fd
File: ursfs.fd 1998/03/24 rsfs font definition file (jk)
)
(./Spherepop_Specifications.toc [1

{/var/lib/texmf/fonts/map/pdftex/updmap/pdftex.map}])
\tf@toc=\write4

\openout4 = Spherepop_Specifications.toc
 [2] [3
Missing character: There is no — (U+2014) in font ec-lmr12!
Missing character: There is no — (U+2014) in font ec-lmr12!
Missing character: There is no — (U+2014) in font ec-lmr12!
Missing character: There is no — (U+2014) in font ec-lmr12!
]
LaTeX Font Info:    Trying to load font information for T1+lmtt on input line 1
74.
 (/usr/share/texmf/tex/latex/lm/t1lmtt.fd
File: t1lmtt.fd 2015/05/01 v1.6.1 Font defs for Latin Modern
) [4
Missing character: There is no — (U+2014) in font ec-lmr12!
Missing character: There is no — (U+2014) in font ec-lmr12!
Missing character: There is no — (U+2014) in font ec-lmr12!
Missing character: There is no — (U+2014) in font ec-lmr12!
Missing character: There is no — (U+2014) in font ec-lmr12!
Missing character: There is no — (U+2014) in font ec-lmr12!
Missing character: There is no — (U+2014) in font ec-lmr12!
Missing character: There is no — (U+2014) in font ec-lmr12!
Missing character: There is no — (U+2014) in font ec-lmr12!
]
Overfull \hbox (5.272pt too wide) in paragraph at lines 206--207
[]\T1/lmr/bx/n/12 Re-mark 3. \T1/lmr/m/n/12 This is the for-mal cor-re-late of 
the history-first on-tol-ogy stated in the Overview:
 []

[5
Missing character: There is no — (U+2014) in font ec-lmr12!
Missing character: There is no — (U+2014) in font ec-lmr12!
Missing character: There is no ∇ (U+2207) in font ec-lmtt12!
Missing character: There is no ⊗ (U+2297) in font ec-lmtt12!
Missing character: There is no ⊕ (U+2295) in font ec-lmtt12!
Missing character: There is no ∘ (U+2218) in font ec-lmtt12!
]
LaTeX Font Info:    Trying to load font information for T1+lmss on input line 2
55.
 (/usr/share/texmf/tex/latex/lm/t1lmss.fd
File: t1lmss.fd 2015/05/01 v1.6.1 Font defs for Latin Modern
) [6
Missing character: There is no Π (U+03A0) in font ec-lmtt12!
Missing character: There is no ⊗ (U+2297) in font ec-lmtt12!
Missing character: There is no ⊕ (U+2295) in font ec-lmtt12!
Missing character: There is no ∇ (U+2207) in font ec-lmtt12!
Missing character: There is no ∘ (U+2218) in font ec-lmtt12!
Missing character: There is no ω (U+03C9) in font ec-lmtt12!
Missing character: There is no ⊗ (U+2297) in font ec-lmtt12!
Missing character: There is no ⊕ (U+2295) in font ec-lmtt12!
Missing character: There is no Σ (U+03A3) in font ec-lmr12!
Missing character: There is no ∇ (U+2207) in font ec-lmtt12!
Missing character: There is no ∘ (U+2218) in font ec-lmtt12!
Missing character: There is no — (U+2014) in font ec-lmr12!
Missing character: There is no — (U+2014) in font ec-lmr12!
]
Overfull \hbox (9.05405pt too wide) detected at line 304
[]
 []


Overfull \hbox (35.49934pt too wide) in paragraph at lines 307--308
\T1/lmr/m/n/12 but they are not foun-da-tional: []4.4[] gives each con-struct'
s re-duc-tion to $[]\OML/cmm/m/it/12 =[]=[]=[]$\T1/lmr/m/n/12 ,
 []

[7
Missing character: There is no — (U+2014) in font ec-lmr12!
] [8
Missing character: There is no — (U+2014) in font ec-lmr12!
Missing character: There is no — (U+2014) in font ec-lmr12!
Missing character: There is no — (U+2014) in font ec-lmr12!
Missing character: There is no — (U+2014) in font ec-lmr12!
Missing character: There is no — (U+2014) in font ec-lmr12!
]
Overfull \hbox (13.55687pt too wide) in paragraph at lines 376--377
[]\T1/lmr/bx/n/12 The-o-rem 4 \T1/lmr/m/n/12 ($\OML/cmm/m/it/12 $\T1/lmr/m/n/1
2 -reduction equiv-a-lence)\T1/lmr/bx/n/12 . \T1/lmr/m/n/12 For terms $\OML/cmm
/m/it/12 M; A$\T1/lmr/m/n/12 : eval-u-at-ing $[]\OT1/cmr/m/n/12 ([](\OML/cmm/m/
it/12 x  \OT1/cmr/m/n/12 :  \OML/cmm/m/it/12 A: M\OT1/cmr/m/n/12 )\OML/cmm/m/it
/12 ; A\OT1/cmr/m/n/12 )$
 []


Overfull \hbox (52.62245pt too wide) in paragraph at lines 379--380
[]\T1/lmr/m/n/12 By the Ab-strac-tion/Ap-pli-ca-tion def-i-ni-tion, $[]\OT1/cmr
/m/n/12 ([](\OML/cmm/m/it/12 x:M\OT1/cmr/m/n/12 )\OML/cmm/m/it/12 ; A\OT1/cmr/m
/n/12 ) = [][]([](\OML/cmm/m/it/12 A; x\OT1/cmr/m/n/12 ))$\T1/lmr/m/n/12 .
 []

[9
Missing character: There is no β (U+03B2) in font ec-lmr12!
Missing character: There is no — (U+2014) in font ec-lmr12!
] [10
Missing character: There is no — (U+2014) in font ec-lmr12!
Missing character: There is no — (U+2014) in font ec-lmr12!
]
Overfull \hbox (3.49889pt too wide) in paragraph at lines 475--476
[]\T1/lmr/bx/n/12 Re-quire-ment 3 \T1/lmr/m/n/12 (Preview-commit)\T1/lmr/bx/n/1
2 . \T1/lmr/m/n/12 An over-lay man-ager ex-pos-ing a preview-then-commit
 []

[11
Missing character: There is no — (U+2014) in font ec-lmr12!
Missing character: There is no Γ (U+0393) in font ec-lmtt12!
Missing character: There is no Γ (U+0393) in font ec-lmtt12!
Missing character: There is no Γ (U+0393) in font ec-lmtt12!
Missing character: There is no Γ (U+0393) in font ec-lmtt12!
Missing character: There is no Γ (U+0393) in font ec-lmtt12!
Missing character: There is no Γ (U+0393) in font ec-lmtt12!
Missing character: There is no Γ (U+0393) in font ec-lmtt12!
Missing character: There is no Γ (U+0393) in font ec-lmtt12!
Missing character: There is no Γ (U+0393) in font ec-lmtt12!
Missing character: There is no Γ (U+0393) in font ec-lmtt12!
Missing character: There is no Γ (U+0393) in font ec-lmtt12!
Missing character: There is no Γ (U+0393) in font ec-lmtt12!
Missing character: There is no Γ (U+0393) in font ec-lmtt12!
Missing character: There is no Γ (U+0393) in font ec-lmtt12!
Missing character: There is no Γ (U+0393) in font ec-lmtt12!
Missing character: There is no Γ (U+0393) in font ec-lmtt12!
Missing character: There is no Γ (U+0393) in font ec-lmtt12!
Missing character: There is no Γ (U+0393) in font ec-lmtt12!
]
Overfull \hbox (47.20735pt too wide) in paragraph at lines 547--547
[]    \T1/lmtt/m/n/12 Bind     = 2,  // coupling of (a, b), optionally tagged wi
th a relation label[] 
 []


Overfull \hbox (34.85735pt too wide) in paragraph at lines 547--547
[]\T1/lmtt/m/n/12 pub type RuleId    = &'static str;   // identifies a registere
d collapse rule c[] 
 []


Overfull \hbox (53.38235pt too wide) in paragraph at lines 547--547
[]    \T1/lmtt/m/n/12 pub pos:    LogPos,             // position in H; assigned
 only at commit time[] 
 []


Overfull \hbox (71.90736pt too wide) in paragraph at lines 547--547
[]    \T1/lmtt/m/n/12 pub a:      Option<ObjectId>,   // Pop's x; Bind's first 
element; Refuse's target[] 
 []


Overfull \hbox (59.55736pt too wide) in paragraph at lines 547--547
[]    \T1/lmtt/m/n/12 pub tag:    Option<String>,     // Bind's relation label 
(Link-sugar uses this)[] 
 []

[12
Missing character: There is no — (U+2014) in font ec-lmr12!
Missing character: There is no — (U+2014) in font ec-lmr12!
Missing character: There is no — (U+2014) in font ec-lmr12!
Missing character: There is no — (U+2014) in font ec-lmr12!
Missing character: There is no — (U+2014) in font ec-lmr12!
]
Overfull \hbox (133.6574pt too wide) in paragraph at lines 547--547
[]    \T1/lmtt/m/n/12 pub reason: Option<String>,     // Refuse's rationale 
— required, never optional in practice[] 
 []


Overfull \hbox (22.50734pt too wide) in paragraph at lines 601--601
[]    \T1/lmtt/m/n/12 pub committed:    std::collections::HashSet<ObjectId>,  //
 popped symbols[] 
 []


Overfull \hbox (28.68234pt too wide) in paragraph at lines 601--601
[]    \T1/lmtt/m/n/12 pub bound:        std::collections::HashSet<(ObjectId, Obj
ectId, String)>,[] 
 []


Overfull \hbox (96.60738pt too wide) in paragraph at lines 601--601
[]    \T1/lmtt/m/n/12 pub observed:     Vec<(LogPos, RuleId)>,  // audit trail 
of Collapse invocations only[] 
 []


Overfull \hbox (53.38235pt too wide) in paragraph at lines 601--601
[]    \T1/lmtt/m/n/12 pub fn replay(&self, omega_0: &std::collections::HashSet<O
bjectId>) -> State {[] 
 []


Overfull \hbox (41.03235pt too wide) in paragraph at lines 601--601
[]        \T1/lmtt/m/n/12 let mut s = State { option_space: omega_0.clone(), ..S
tate::default() };[] 
 []


Overfull \hbox (16.33234pt too wide) in paragraph at lines 601--601
[]            \T1/lmtt/m/n/12 s.option_space.remove(&x);   // |Omega| decreases by exactly one[] 
 []


Overfull \hbox (90.43237pt too wide) in paragraph at lines 601--601
[]            \T1/lmtt/m/n/12 s.refused.push((e.pos, e.a.unwrap(), e.reason.clon
e().unwrap_or_default()));[] 
 []


Overfull \hbox (96.60738pt too wide) in paragraph at lines 601--601
[]            \T1/lmtt/m/n/12 // Omega is untouched: refusal documents, it does not foreclose structurally.[] 
 []


Overfull \hbox (115.13239pt too wide) in paragraph at lines 601--601
[]            \T1/lmtt/m/n/12 s.bound.insert((e.a.unwrap(), e.b.unwrap(), e.tag.
clone().unwrap_or_default()));[] 
 []

[13
Missing character: There is no — (U+2014) in font ec-lmtt12!
]
Overfull \hbox (71.90736pt too wide) in paragraph at lines 601--601
[]            \T1/lmtt/m/n/12 // Collapse does not mutate committed/bound/refuse
d: it only records that[] 
 []


Overfull \hbox (90.43237pt too wide) in paragraph at lines 601--601
[]            \T1/lmtt/m/n/12 // an observation occurred. The observable value 
c(H) is computed separately[] 
 []


Overfull \hbox (84.25737pt too wide) in paragraph at lines 634--634
[]    \T1/lmtt/m/n/12 uf   // O_c for this rule: the partition of ObjectId into Merge-equivalence classes[] 
 []


Overfull \hbox (34.85735pt too wide) in paragraph at lines 634--634
[]\T1/lmtt/m/n/12 /// c_meta : the distinguished rule other rules are defined to
 ignore (SetMeta-
 []


Overfull \hbox (146.0074pt too wide) in paragraph at lines 634--634
[]\T1/lmtt/m/n/12 pub fn collapse_meta(h: &History) -> std::collections::HashMap
<ObjectId, Vec<(String, String)>> {[] 
 []


Overfull \hbox (16.33234pt too wide) in paragraph at lines 634--634
[]\T1/lmtt/m/n/12 /// c_I : the identity/finest rule — every event visible, no
thing quotiented.[] 
 []

[14
Missing character: There is no — (U+2014) in font ec-lmr12!
Missing character: There is no — (U+2014) in font ec-lmr12!
Missing character: There is no — (U+2014) in font ec-lmr12!
Missing character: There is no — (U+2014) in font ec-lmr12!
Missing character: There is no — (U+2014) in font ec-lmtt12!
Missing character: There is no — (U+2014) in font ec-lmr12!
]
Overfull \hbox (3.98233pt too wide) in paragraph at lines 697--697
[]    \T1/lmtt/m/n/12 pub events: Vec<Event>,   // positions unassigned; filled in at commit[] 
 []


Overfull \hbox (121.30739pt too wide) in paragraph at lines 697--697
[]    \T1/lmtt/m/n/12 rules:   std::collections::HashSet<RuleId>,  // the admiss
ibility-certified rule registry[] 
 []


Overfull \hbox (47.20735pt too wide) in paragraph at lines 697--697
[]    \T1/lmtt/m/n/12 pub fn state(&self, omega_0: &std::collections::HashSet<Ob
jectId>) -> State {[] 
 []


Overfull \hbox (22.50734pt too wide) in paragraph at lines 697--697
[]    \T1/lmtt/m/n/12 /// Validates and, if accepted, appends a proposal to H. 
The ONLY path by[] 
 []


Overfull \hbox (90.43237pt too wide) in paragraph at lines 697--697
[]    \T1/lmtt/m/n/12 pub fn submit(&mut self, p: Proposal, omega_0: &std::colle
ctions::HashSet<ObjectId>)[] 
 []


Overfull \hbox (84.25737pt too wide) in paragraph at lines 697--697
[]    \T1/lmtt/m/n/12 fn validate(&self, events: &[Event], omega_0: &std::collec
tions::HashSet<ObjectId>)[] 
 []


Overfull \hbox (121.30739pt too wide) in paragraph at lines 697--697
[]        \T1/lmtt/m/n/12 let s = self.history.replay(omega_0);  // structural 
state only — never c(H) for any c[] 
 []


Overfull \hbox (16.33234pt too wide) in paragraph at lines 697--697
[]                \T1/lmtt/m/n/12 EventKind::Pop if !s.option_space.contains(&e.
a.unwrap()) =>[] 
 []


Overfull \hbox (41.03235pt too wide) in paragraph at lines 697--697
[]                \T1/lmtt/m/n/12 EventKind::Collapse if !self.rules.contains(&e
.rule.unwrap()) =>[] 
 []

[15
Missing character: There is no — (U+2014) in font ec-lmtt12!
]
Overfull \hbox (139.8324pt too wide) in paragraph at lines 740--740
[]    \T1/lmtt/m/n/12 pub fn preview(&self, o: &Overlay, omega_0: &std::collecti
ons::HashSet<ObjectId>) -> State {[] 
 []


Overfull \hbox (16.33234pt too wide) in paragraph at lines 740--740
[]    \T1/lmtt/m/n/12 /// The only call that can make an overlay authoritative 
— routes through[] 
 []


Overfull \hbox (84.25737pt too wide) in paragraph at lines 740--740
[]    \T1/lmtt/m/n/12 pub fn commit(&mut self, o: Overlay, omega_0: &std::collec
tions::HashSet<ObjectId>)[] 
 []


Overfull \hbox (16.33234pt too wide) in paragraph at lines 740--740
[]            \T1/lmtt/m/n/12 return Err(ArbiterError::StaleOverlay); // H moved
 since preview[] 
 []

[16
Missing character: There is no — (U+2014) in font ec-lmr12!
Missing character: There is no — (U+2014) in font ec-lmtt12!
]
Overfull \hbox (53.38235pt too wide) in paragraph at lines 766--766
[]\T1/lmtt/m/n/12 arb.submit(Proposal { events: vec![pop(1), pop(2)] }, &omega_0
)?;   // commit a, b[] 
 []


Overfull \hbox (78.08237pt too wide) in paragraph at lines 766--766
[]\T1/lmtt/m/n/12 arb.submit(Proposal { events: vec![bind(1, 2, "adjacent")] }, &omega_0)?; // Bind(a,b)[] 
 []


Overfull \hbox (10.15733pt too wide) in paragraph at lines 766--766
[]\T1/lmtt/m/n/12 // Observe under the quotient rule: this IS Merge, per Def. of
 Merge-sugar.[] 
 []


Overfull \hbox (22.50734pt too wide) in paragraph at lines 766--766
[]\T1/lmtt/m/n/12 arb.submit(Proposal { events: vec![collapse("merge_quotient")]
 }, &omega_0)?;[] 
 []


Overfull \hbox (41.03235pt too wide) in paragraph at lines 766--766
[]\T1/lmtt/m/n/12 assert_eq!(classes.find(1), classes.find(2));       // a and 
b are now one class[] 
 []


Overfull \hbox (84.25737pt too wide) in paragraph at lines 766--766
[]\T1/lmtt/m/n/12 assert!(arb.state(&omega_0).bound.contains(&(1, 2, "adjacent".
into()))); // H unchanged[] 
 []


Overfull \hbox (71.90736pt too wide) in paragraph at lines 766--766
[]\T1/lmtt/m/n/12 assert!(arb.state(&omega_0).refused.iter().any(|(_,_,r)| r == "relation withdrawn"));[] 
 []

[17
Missing character: There is no — (U+2014) in font ec-lmr12!
Missing character: There is no — (U+2014) in font ec-lmr12!
Missing character: There is no — (U+2014) in font ec-lmr12!
Missing character: There is no — (U+2014) in font ec-lmr12!
] [18
Missing character: There is no β (U+03B2) in font ec-lmr12!
Missing character: There is no Π (U+03A0) in font ec-lmtt12!
Missing character: There is no Π (U+03A0) in font ec-lmtt12!
Missing character: There is no Π (U+03A0) in font ec-lmtt12!
Missing character: There is no β (U+03B2) in font ec-lmr12!
] [19
Missing character: There is no β (U+03B2) in font ec-lmr12!
Missing character: There is no β (U+03B2) in font ec-lmr12!
Missing character: There is no λ (U+03BB) in font ec-lmr12!
Missing character: There is no β (U+03B2) in font ec-lmr12!
] (./Spherepop_Specifications.aux)
 ***********
LaTeX2e <2023-11-01> patch level 1
L3 programming layer <2024-01-22>
 ***********
Package rerunfilecheck Info: File `Spherepop_Specifications.out' has not change
d.
(rerunfilecheck)             Checksum: D81AF92B244E57A8A71A7F1C05492B55;6130.
)

Here is how much of LuaTeX's memory you used:
 12336 strings out of 476553
 125129,1977958 words of node,token memory allocated
 544 words of node memory still in use:
   7 hlist, 2 vlist, 2 rule, 2 glue, 4 kern, 1 glyph, 10 attribute, 59 glue_spec
, 10 attribute_list, 1 write nodes
   avail lists: 1:1,2:684,3:961,4:21,5:538,6:95,7:8713,8:57,9:890,10:13,11:727
 33968 multiletter control sequences out of 65536+600000
 108 fonts using 6691151 bytes
 72i,13n,75p,967b,495s stack positions out of 10000i,1000n,20000p,200000b,200000s
{/usr/share/texmf/fonts/enc/dvips/lm/lm-ts1.enc}{/usr/share/texmf/fonts/enc/dvip
s/lm/lm-ec.enc}</usr/share/texlive/texmf-dist/fonts/type1/public/amsfonts/cm/cmb
x12.pfb></usr/share/texlive/texmf-dist/fonts/type1/public/amsfonts/cm/cmex10.pfb
></usr/share/texlive/texmf-dist/fonts/type1/public/amsfonts/cm/cmmi12.pfb></usr/
share/texlive/texmf-dist/fonts/type1/public/amsfonts/cm/cmmi6.pfb></usr/share/te
xlive/texmf-dist/fonts/type1/public/amsfonts/cm/cmmi8.pfb></usr/share/texlive/te
xmf-dist/fonts/type1/public/amsfonts/cm/cmr12.pfb></usr/share/texlive/texmf-dist
/fonts/type1/public/amsfonts/cm/cmr6.pfb></usr/share/texlive/texmf-dist/fonts/ty
pe1/public/amsfonts/cm/cmr8.pfb></usr/share/texlive/texmf-dist/fonts/type1/publi
c/amsfonts/cm/cmss12.pfb></usr/share/texlive/texmf-dist/fonts/type1/public/amsfo
nts/cm/cmss8.pfb></usr/share/texlive/texmf-dist/fonts/type1/public/amsfonts/cm/c
msy10.pfb></usr/share/texlive/texmf-dist/fonts/type1/public/amsfonts/cm/cmsy6.pf
b></usr/share/texlive/texmf-dist/fonts/type1/public/amsfonts/cm/cmsy8.pfb></usr/
share/texlive/texmf-dist/fonts/type1/public/amsfonts/cm/cmtt12.pfb></usr/share/t
exmf/fonts/type1/public/lm/lmbx10.pfb></usr/share/texmf/fonts/type1/public/lm/lm
bx12.pfb></usr/share/texmf/fonts/type1/public/lm/lmr10.pfb></usr/share/texmf/fon
ts/type1/public/lm/lmr12.pfb></usr/share/texmf/fonts/type1/public/lm/lmri12.pfb>
</usr/share/texmf/fonts/type1/public/lm/lmss12.pfb></usr/share/texmf/fonts/type1
/public/lm/lmtt12.pfb></usr/share/texlive/texmf-dist/fonts/type1/public/amsfonts
/symbols/msbm10.pfb>
Output written on Spherepop_Specifications.pdf (19 pages, 381836 bytes).

PDF statistics: 492 PDF objects out of 1000 (max. 8388607)
 437 compressed objects within 5 object streams
 120 named destinations out of 1000 (max. 131072)
 281 words of extra memory for PDF output out of 10000 (max. 100000000)

