\BOOKMARK [0][-]{chapter*.2}{\376\377\000P\000r\000e\000f\000a\000c\000e}{}% 1
\BOOKMARK [-1][-]{part.1}{\376\377\000I\000\040\000D\000i\000s\000t\000i\000n\000g\000u\000i\000s\000h\000a\000b\000i\000l\000i\000t\000y\000\040\000S\000p\000a\000c\000e\000s}{}% 2
\BOOKMARK [0][-]{chapter.1}{\376\377\000D\000i\000s\000t\000i\000n\000c\000t\000i\000o\000n\000\040\000P\000a\000i\000r\000s\000\040\000a\000n\000d\000\040\000O\000b\000s\000e\000r\000v\000a\000t\000i\000o\000n\000a\000l\000\040\000E\000q\000u\000i\000v\000a\000l\000e\000n\000c\000e}{part.1}% 3
\BOOKMARK [1][-]{section.1.1}{\376\377\000W\000h\000y\000\040\000B\000e\000g\000i\000n\000\040\000W\000i\000t\000h\000\040\000D\000i\000s\000t\000i\000n\000c\000t\000i\000o\000n\000s\000?}{chapter.1}% 4
\BOOKMARK [1][-]{section.1.2}{\376\377\000S\000t\000a\000t\000e\000\040\000S\000p\000a\000c\000e\000s\000\040\000a\000n\000d\000\040\000O\000b\000s\000e\000r\000v\000a\000t\000i\000o\000n}{chapter.1}% 5
\BOOKMARK [1][-]{section.1.3}{\376\377\000O\000b\000s\000e\000r\000v\000a\000t\000i\000o\000n\000a\000l\000\040\000E\000q\000u\000i\000v\000a\000l\000e\000n\000c\000e}{chapter.1}% 6
\BOOKMARK [1][-]{section.1.4}{\376\377\000W\000h\000y\000\040\000P\000a\000i\000r\000s\000,\000\040\000N\000o\000t\000\040\000S\000t\000a\000t\000e\000s}{chapter.1}% 7
\BOOKMARK [1][-]{section.1.5}{\376\377\000W\000h\000a\000t\000\040\000T\000h\000i\000s\000\040\000C\000h\000a\000p\000t\000e\000r\000\040\000H\000a\000s\000\040\000N\000o\000t\000\040\000E\000x\000p\000l\000a\000i\000n\000e\000d}{chapter.1}% 8
\BOOKMARK [0][-]{chapter.2}{\376\377\000D\000i\000s\000t\000i\000n\000g\000u\000i\000s\000h\000a\000b\000i\000l\000i\000t\000y\000\040\000S\000p\000a\000c\000e\000s}{part.1}% 9
\BOOKMARK [1][-]{section.2.1}{\376\377\000O\000b\000s\000e\000r\000v\000a\000t\000i\000o\000n\000a\000l\000\040\000D\000i\000s\000t\000a\000n\000c\000e}{chapter.2}% 10
\BOOKMARK [1][-]{section.2.2}{\376\377\000T\000h\000e\000\040\000M\000e\000t\000r\000i\000c\000\040\000Q\000u\000o\000t\000i\000e\000n\000t}{chapter.2}% 11
\BOOKMARK [1][-]{section.2.3}{\376\377\000T\000h\000e\000\040\000P\000a\000r\000t\000i\000t\000i\000o\000n\000\040\000L\000a\000t\000t\000i\000c\000e}{chapter.2}% 12
\BOOKMARK [1][-]{section.2.4}{\376\377\000D\000i\000s\000t\000i\000n\000g\000u\000i\000s\000h\000a\000b\000i\000l\000i\000t\000y\000\040\000C\000a\000p\000a\000c\000i\000t\000y}{chapter.2}% 13
\BOOKMARK [0][-]{chapter.3}{\376\377\000T\000r\000a\000n\000s\000f\000o\000r\000m\000a\000t\000i\000o\000n\000\040\000C\000l\000a\000s\000s\000e\000s\000\040\000a\000n\000d\000\040\000S\000u\000r\000v\000i\000v\000a\000l}{part.1}% 14
\BOOKMARK [1][-]{section.3.1}{\376\377\000T\000r\000a\000n\000s\000f\000o\000r\000m\000a\000t\000i\000o\000n\000\040\000F\000a\000m\000i\000l\000i\000e\000s}{chapter.3}% 15
\BOOKMARK [1][-]{section.3.2}{\376\377\000D\000i\000s\000t\000i\000n\000c\000t\000i\000o\000n\000\040\000S\000u\000r\000v\000i\000v\000a\000l}{chapter.3}% 16
\BOOKMARK [1][-]{section.3.3}{\376\377\000T\000h\000e\000\040\000S\000u\000r\000v\000i\000v\000a\000l\000\040\000R\000a\000t\000i\000o}{chapter.3}% 17
\BOOKMARK [1][-]{section.3.4}{\376\377\000I\000n\000v\000a\000r\000i\000a\000n\000c\000e\000\040\000a\000n\000d\000\040\000S\000u\000r\000v\000i\000v\000a\000l}{chapter.3}% 18
\BOOKMARK [1][-]{section.3.5}{\376\377\000S\000u\000r\000v\000i\000v\000a\000l\000\040\000a\000s\000\040\000a\000\040\000F\000i\000e\000l\000d\000\040\000o\000n\000\040\000P\000a\000i\000r\000\040\000S\000p\000a\000c\000e}{chapter.3}% 19
\BOOKMARK [0][-]{chapter.4}{\376\377\000C\000a\000p\000a\000c\000i\000t\000y\000\040\000a\000n\000d\000\040\000t\000h\000e\000\040\000P\000a\000r\000t\000i\000t\000i\000o\000n\000\040\000L\000a\000t\000t\000i\000c\000e}{part.1}% 20
\BOOKMARK [1][-]{section.4.1}{\376\377\000C\000a\000p\000a\000c\000i\000t\000y\000\040\000a\000s\000\040\000O\000b\000s\000e\000r\000v\000a\000t\000i\000o\000n\000a\000l\000\040\000R\000e\000s\000o\000l\000u\000t\000i\000o\000n}{chapter.4}% 21
\BOOKMARK [1][-]{section.4.2}{\376\377\000P\000a\000r\000t\000i\000t\000i\000o\000n\000\040\000D\000y\000n\000a\000m\000i\000c\000s}{chapter.4}% 22
\BOOKMARK [1][-]{section.4.3}{\376\377\000C\000a\000p\000a\000c\000i\000t\000y\000\040\000a\000s\000\040\000C\000o\000n\000s\000e\000r\000v\000e\000d\000\040\000P\000o\000t\000e\000n\000t\000i\000a\000l}{chapter.4}% 23
\BOOKMARK [1][-]{section.4.4}{\376\377\000W\000h\000y\000\040\000t\000h\000e\000\040\000P\000a\000r\000t\000i\000t\000i\000o\000n\000\040\000L\000a\000t\000t\000i\000c\000e\000\040\000I\000s\000\040\000I\000n\000s\000u\000f\000f\000i\000c\000i\000e\000n\000t}{chapter.4}% 24
\BOOKMARK [-1][-]{part.2}{\376\377\000I\000I\000\040\000O\000p\000e\000r\000a\000t\000o\000r\000s\000\040\000o\000n\000\040\000D\000i\000s\000t\000i\000n\000g\000u\000i\000s\000h\000a\000b\000i\000l\000i\000t\000y}{}% 25
\BOOKMARK [0][-]{chapter.5}{\376\377\000A\000\040\000T\000a\000x\000o\000n\000o\000m\000y\000\040\000o\000f\000\040\000D\000i\000s\000t\000i\000n\000g\000u\000i\000s\000h\000a\000b\000i\000l\000i\000t\000y\000\040\000O\000p\000e\000r\000a\000t\000o\000r\000s}{part.2}% 26
\BOOKMARK [1][-]{section.5.1}{\376\377\000D\000i\000s\000t\000i\000n\000g\000u\000i\000s\000h\000a\000b\000i\000l\000i\000t\000y\000\040\000O\000p\000e\000r\000a\000t\000o\000r\000s}{chapter.5}% 27
\BOOKMARK [1][-]{section.5.2}{\376\377\000T\000h\000e\000\040\000S\000i\000x\000\040\000F\000u\000n\000d\000a\000m\000e\000n\000t\000a\000l\000\040\000C\000l\000a\000s\000s\000e\000s}{chapter.5}% 28
\BOOKMARK [1][-]{section.5.3}{\376\377\000T\000h\000e\000\040\000C\000o\000l\000l\000a\000p\000s\000e\040\023\000F\000o\000r\000g\000e\000t\000t\000i\000n\000g\000\040\000D\000i\000s\000t\000i\000n\000c\000t\000i\000o\000n}{chapter.5}% 29
\BOOKMARK [1][-]{section.5.4}{\376\377\000O\000p\000e\000r\000a\000t\000o\000r\000\040\000C\000o\000m\000p\000o\000s\000i\000t\000i\000o\000n\000\040\000a\000n\000d\000\040\000S\000t\000r\000u\000c\000t\000u\000r\000e}{chapter.5}% 30
\BOOKMARK [0][-]{chapter.6}{\376\377\000C\000o\000l\000l\000a\000p\000s\000e\000\040\000a\000n\000d\000\040\000F\000o\000r\000g\000e\000t\000t\000i\000n\000g}{part.2}% 31
\BOOKMARK [1][-]{section.6.1}{\376\377\000C\000o\000l\000l\000a\000p\000s\000e\000\040\000a\000s\000\040\000C\000o\000m\000p\000r\000e\000s\000s\000i\000o\000n}{chapter.6}% 32
\BOOKMARK [1][-]{section.6.2}{\376\377\000F\000o\000r\000g\000e\000t\000t\000i\000n\000g\000:\000\040\000C\000o\000l\000l\000a\000p\000s\000e\000\040\000P\000l\000u\000s\000\040\000L\000o\000s\000s\000\040\000o\000f\000\040\000P\000a\000t\000h\000w\000a\000y\000s}{chapter.6}% 33
\BOOKMARK [1][-]{section.6.3}{\376\377\000D\000i\000f\000f\000u\000s\000i\000o\000n\000\040\000a\000s\000\040\000C\000a\000n\000o\000n\000i\000c\000a\000l\000\040\000C\000o\000l\000l\000a\000p\000s\000e}{chapter.6}% 34
\BOOKMARK [1][-]{section.6.4}{\376\377\000E\000n\000t\000r\000o\000p\000y\000\040\000a\000s\000\040\000t\000h\000e\000\040\000G\000e\000o\000m\000e\000t\000r\000y\000\040\000o\000f\000\040\000D\000i\000s\000t\000i\000n\000c\000t\000i\000o\000n\000\040\000L\000o\000s\000s}{chapter.6}% 35
\BOOKMARK [1][-]{section.6.5}{\376\377\000C\000o\000l\000l\000a\000p\000s\000e\000\040\000C\000a\000s\000c\000a\000d\000e\000s}{chapter.6}% 36
\BOOKMARK [1][-]{section.6.6}{\376\377\000T\000h\000e\000\040\000R\000e\000p\000a\000i\000r\000\040\000D\000u\000a\000l}{chapter.6}% 37
\BOOKMARK [0][-]{chapter.7}{\376\377\000R\000e\000p\000a\000i\000r\000\040\000a\000n\000d\000\040\000T\000r\000a\000n\000s\000p\000o\000r\000t}{part.2}% 38
\BOOKMARK [1][-]{section.7.1}{\376\377\000R\000e\000p\000a\000i\000r\000:\000\040\000R\000e\000s\000t\000o\000r\000i\000n\000g\000\040\000R\000e\000c\000o\000v\000e\000r\000a\000b\000i\000l\000i\000t\000y}{chapter.7}% 39
\BOOKMARK [1][-]{section.7.2}{\376\377\000R\000e\000p\000a\000i\000r\000\040\000i\000s\000\040\000N\000o\000t\000\040\000R\000e\000s\000t\000o\000r\000a\000t\000i\000o\000n}{chapter.7}% 40
\BOOKMARK [1][-]{section.7.3}{\376\377\000T\000r\000a\000n\000s\000p\000o\000r\000t\000:\000\040\000S\000t\000r\000u\000c\000t\000u\000r\000e\000-\000P\000r\000e\000s\000e\000r\000v\000i\000n\000g\000\040\000R\000e\000l\000o\000c\000a\000t\000i\000o\000n}{chapter.7}% 41
\BOOKMARK [1][-]{section.7.4}{\376\377\000T\000h\000e\000\040\000R\000e\000p\000a\000i\000r\040\023\000T\000r\000a\000n\000s\000p\000o\000r\000t\000\040\000D\000u\000a\000l\000i\000t\000y}{chapter.7}% 42
\BOOKMARK [1][-]{section.7.5}{\376\377\000N\000o\000n\000-\000C\000o\000m\000m\000u\000t\000a\000t\000i\000v\000i\000t\000y\000\040\000w\000i\000t\000h\000\040\000C\000o\000l\000l\000a\000p\000s\000e}{chapter.7}% 43
\BOOKMARK [1][-]{section.7.6}{\376\377\000R\000e\000p\000a\000i\000r\000\040\000C\000h\000a\000i\000n\000s\000\040\000a\000n\000d\000\040\000E\000f\000f\000i\000c\000i\000e\000n\000c\000y\000\040\000D\000e\000c\000a\000y}{chapter.7}% 44
\BOOKMARK [0][-]{chapter.8}{\376\377\000T\000h\000e\000\040\000D\000i\000s\000t\000i\000n\000g\000u\000i\000s\000h\000a\000b\000i\000l\000i\000t\000y\000\040\000O\000p\000e\000r\000a\000t\000o\000r\000\040\000M\000o\000n\000o\000i\000d}{part.2}% 45
\BOOKMARK [1][-]{section.8.1}{\376\377\000C\000o\000m\000p\000o\000s\000i\000t\000i\000o\000n\000\040\000o\000f\000\040\000O\000p\000e\000r\000a\000t\000o\000r\000s}{chapter.8}% 46
\BOOKMARK [1][-]{section.8.2}{\376\377\000T\000h\000e\000\040\000O\000p\000e\000r\000a\000t\000o\000r\000\040\000C\000l\000o\000s\000u\000r\000e\000\040\000T\000h\000e\000o\000r\000e\000m}{chapter.8}% 47
\BOOKMARK [1][-]{section.8.3}{\376\377\000I\000n\000v\000e\000r\000t\000i\000b\000l\000e\000\040\000O\000p\000e\000r\000a\000t\000o\000r\000s\000\040\000a\000n\000d\000\040\000t\000h\000e\000\040\000S\000u\000b\000g\000r\000o\000u\000p}{chapter.8}% 48
\BOOKMARK [1][-]{section.8.4}{\376\377\000N\000o\000n\000-\000I\000n\000v\000e\000r\000t\000i\000b\000l\000e\000\040\000O\000p\000e\000r\000a\000t\000o\000r\000s\000\040\000a\000n\000d\000\040\000t\000h\000e\000\040\000S\000u\000b\000m\000o\000n\000o\000i\000d}{chapter.8}% 49
\BOOKMARK [1][-]{section.8.5}{\376\377\000T\000h\000e\000\040\000C\000o\000l\000l\000a\000p\000s\000e\040\023\000F\000o\000r\000g\000e\000t\000t\000i\000n\000g\000\040\000S\000u\000b\000m\000o\000n\000o\000i\000d}{chapter.8}% 50
\BOOKMARK [1][-]{section.8.6}{\376\377\000O\000p\000e\000r\000a\000t\000o\000r\000\040\000H\000i\000s\000t\000o\000r\000i\000e\000s\000\040\000a\000s\000\040\000M\000o\000n\000o\000i\000d\000\040\000W\000o\000r\000d\000s}{chapter.8}% 51
\BOOKMARK [0][-]{chapter.9}{\376\377\000T\000h\000e\000\040\000M\000e\000t\000a\000-\000S\000t\000a\000b\000i\000l\000i\000t\000y\000\040\000T\000h\000e\000o\000r\000e\000m}{part.2}% 52
\BOOKMARK [1][-]{section.9.1}{\376\377\000T\000h\000e\000\040\000P\000r\000o\000b\000l\000e\000m\000\040\000w\000i\000t\000h\000\040\000N\000a\000i\000v\000e\000\040\000I\000n\000d\000u\000c\000e\000d\000\040\000A\000c\000t\000i\000o\000n\000s}{chapter.9}% 53
\BOOKMARK [1][-]{section.9.2}{\376\377\000T\000h\000e\000\040\000P\000u\000l\000l\000b\000a\000c\000k\000:\000\040\000T\000h\000e\000\040\000C\000o\000r\000r\000e\000c\000t\000\040\000I\000n\000d\000u\000c\000e\000d\000\040\000A\000c\000t\000i\000o\000n}{chapter.9}% 54
\BOOKMARK [1][-]{section.9.3}{\376\377\000T\000h\000e\000\040\000P\000u\000l\000l\000b\000a\000c\000k\000\040\000i\000s\000\040\000a\000\040\000M\000o\000n\000o\000i\000d\000\040\000H\000o\000m\000o\000m\000o\000r\000p\000h\000i\000s\000m}{chapter.9}% 55
\BOOKMARK [1][-]{section.9.4}{\376\377\000T\000h\000e\000\040\000M\000e\000t\000a\000-\000S\000t\000a\000b\000i\000l\000i\000t\000y\000\040\000T\000h\000e\000o\000r\000e\000m}{chapter.9}% 56
\BOOKMARK [1][-]{section.9.5}{\376\377\000W\000h\000a\000t\000\040\000t\000h\000e\000\040\000T\000h\000e\000o\000r\000e\000m\000\040\000S\000a\000y\000s\000\040\000a\000n\000d\000\040\000D\000o\000e\000s\000\040\000N\000o\000t\000\040\000S\000a\000y}{chapter.9}% 57
\BOOKMARK [1][-]{section.9.6}{\376\377\000I\000n\000t\000e\000r\000p\000r\000e\000t\000a\000t\000i\000o\000n\000s\000\040\000a\000t\000\040\000T\000h\000r\000e\000e\000\040\000S\000c\000a\000l\000e\000s}{chapter.9}% 58
\BOOKMARK [1][-]{section.9.7}{\376\377\000W\000h\000y\000\040\000F\000a\000t\000e\000\040\000T\000h\000e\000o\000r\000y\000\040\000F\000o\000l\000l\000o\000w\000s}{chapter.9}% 59
\BOOKMARK [-1][-]{part.3}{\376\377\000I\000I\000I\000\040\000F\000a\000t\000e\000\040\000G\000e\000o\000m\000e\000t\000r\000y}{}% 60
\BOOKMARK [0][-]{chapter.10}{\376\377\000T\000h\000e\000\040\000F\000a\000t\000e\000\040\000S\000p\000a\000c\000e}{part.3}% 61
\BOOKMARK [1][-]{section.10.1}{\376\377\000W\000h\000y\000\040\000a\000\040\000N\000e\000w\000\040\000S\000p\000a\000c\000e\000\040\000i\000s\000\040\000N\000e\000e\000d\000e\000d}{chapter.10}% 62
\BOOKMARK [1][-]{section.10.2}{\376\377\000T\000h\000e\000\040\000F\000o\000u\000r\000\040\000F\000a\000t\000e\000\040\000C\000o\000o\000r\000d\000i\000n\000a\000t\000e\000s}{chapter.10}% 63
\BOOKMARK [1][-]{section.10.3}{\376\377\000T\000h\000e\000\040\000F\000a\000t\000e\000\040\000S\000p\000a\000c\000e}{chapter.10}% 64
\BOOKMARK [1][-]{section.10.4}{\376\377\000T\000o\000p\000o\000l\000o\000g\000y\000\040\000o\000f\000\040\000t\000h\000e\000\040\000F\000a\000t\000e\000\040\000S\000p\000a\000c\000e}{chapter.10}% 65
\BOOKMARK [1][-]{section.10.5}{\376\377\000T\000h\000e\000\040\000C\000o\000l\000l\000a\000p\000s\000e\000\040\000D\000i\000s\000c\000o\000n\000t\000i\000n\000u\000i\000t\000y\000\040\000T\000h\000e\000o\000r\000e\000m}{chapter.10}% 66
\BOOKMARK [1][-]{section.10.6}{\376\377\000W\000o\000r\000k\000e\000d\000\040\000E\000x\000a\000m\000p\000l\000e\000s}{chapter.10}% 67
\BOOKMARK [1][-]{section.10.7}{\376\377\000T\000h\000e\000\040\000G\000e\000o\000m\000e\000t\000r\000y\000\040\000o\000f\000\040\000F\000a\000t\000e\000\040\000S\000p\000a\000c\000e}{chapter.10}% 68
\BOOKMARK [1][-]{section.10.8}{\376\377\000F\000a\000t\000e\000-\000P\000r\000o\000f\000i\000l\000e\000\040\000E\000q\000u\000i\000v\000a\000l\000e\000n\000c\000e}{chapter.10}% 69
\BOOKMARK [0][-]{chapter.11}{\376\377\000F\000a\000t\000e\000\040\000M\000e\000t\000r\000i\000c\000s\000\040\000a\000n\000d\000\040\000C\000o\000n\000t\000i\000n\000u\000i\000t\000y}{part.3}% 70
\BOOKMARK [1][-]{section.11.1}{\376\377\000F\000a\000t\000e\000\040\000D\000i\000s\000t\000a\000n\000c\000e}{chapter.11}% 71
\BOOKMARK [1][-]{section.11.2}{\376\377\000C\000o\000n\000t\000i\000n\000u\000i\000t\000y\000\040\000o\000f\000\040\000t\000h\000e\000\040\000F\000a\000t\000e\000\040\000M\000a\000p}{chapter.11}% 72
\BOOKMARK [1][-]{section.11.3}{\376\377\000F\000a\000t\000e\000\040\000S\000e\000n\000s\000i\000t\000i\000v\000i\000t\000y\000\040\000a\000n\000d\000\040\000L\000i\000p\000s\000c\000h\000i\000t\000z\000\040\000R\000e\000g\000u\000l\000a\000r\000i\000t\000y}{chapter.11}% 73
\BOOKMARK [1][-]{section.11.4}{\376\377\000F\000a\000t\000e\000\040\000C\000r\000i\000t\000i\000c\000a\000l\000i\000t\000y}{chapter.11}% 74
\BOOKMARK [0][-]{chapter.12}{\376\377\000F\000a\000t\000e\000\040\000S\000i\000n\000g\000u\000l\000a\000r\000i\000t\000i\000e\000s\000\040\000a\000n\000d\000\040\000B\000i\000f\000u\000r\000c\000a\000t\000i\000o\000n\000s}{part.3}% 75
\BOOKMARK [1][-]{section.12.1}{\376\377\000T\000h\000e\000\040\000S\000i\000n\000g\000u\000l\000a\000r\000\040\000S\000e\000t\000\040\000a\000n\000d\000\040\000I\000t\000s\000\040\000S\000t\000r\000a\000t\000a}{chapter.12}% 76
\BOOKMARK [1][-]{section.12.2}{\376\377\000C\000o\000l\000l\000a\000p\000s\000e\000\040\000S\000i\000n\000g\000u\000l\000a\000r\000i\000t\000i\000e\000s}{chapter.12}% 77
\BOOKMARK [1][-]{section.12.3}{\376\377\000R\000e\000p\000a\000i\000r\000\040\000T\000h\000r\000e\000s\000h\000o\000l\000d\000\040\000S\000i\000n\000g\000u\000l\000a\000r\000i\000t\000i\000e\000s}{chapter.12}% 78
\BOOKMARK [1][-]{section.12.4}{\376\377\000T\000r\000a\000n\000s\000p\000o\000r\000t\000\040\000H\000o\000r\000i\000z\000o\000n\000\040\000S\000i\000n\000g\000u\000l\000a\000r\000i\000t\000i\000e\000s}{chapter.12}% 79
\BOOKMARK [1][-]{section.12.5}{\376\377\000F\000o\000r\000g\000e\000t\000t\000i\000n\000g\000\040\000S\000i\000n\000g\000u\000l\000a\000r\000i\000t\000i\000e\000s}{chapter.12}% 80
\BOOKMARK [1][-]{section.12.6}{\376\377\000S\000t\000r\000a\000t\000i\000f\000i\000c\000a\000t\000i\000o\000n\000\040\000o\000f\000\040\000t\000h\000e\000\040\000S\000i\000n\000g\000u\000l\000a\000r\000\040\000S\000e\000t}{chapter.12}% 81
\BOOKMARK [0][-]{chapter.13}{\376\377\000A\000d\000m\000i\000s\000s\000i\000b\000i\000l\000i\000t\000y\000\040\000a\000s\000\040\000F\000a\000t\000e\000\040\000S\000e\000l\000e\000c\000t\000i\000o\000n}{part.3}% 82
\BOOKMARK [1][-]{section.13.1}{\376\377\000A\000d\000m\000i\000s\000s\000i\000b\000l\000e\000\040\000F\000a\000t\000e\000\040\000R\000e\000g\000i\000o\000n\000s}{chapter.13}% 83
\BOOKMARK [1][-]{section.13.2}{\376\377\000T\000h\000e\000\040\000A\000d\000m\000i\000s\000s\000i\000b\000i\000l\000i\000t\000y\000\040\000O\000p\000e\000r\000a\000t\000o\000r}{chapter.13}% 84
\BOOKMARK [1][-]{section.13.3}{\376\377\000T\000h\000e\000\040\000A\000d\000m\000i\000s\000s\000i\000b\000i\000l\000i\000t\000y\000\040\000P\000u\000l\000l\000b\000a\000c\000k\000\040\000T\000h\000e\000o\000r\000e\000m}{chapter.13}% 85
\BOOKMARK [1][-]{section.13.4}{\376\377\000S\000e\000l\000e\000c\000t\000i\000o\000n\000\040\000a\000n\000d\000\040\000D\000y\000n\000a\000m\000i\000c\000s}{chapter.13}% 86
\BOOKMARK [0][-]{chapter.14}{\376\377\000C\000u\000r\000v\000a\000t\000u\000r\000e\000\040\000o\000f\000\040\000F\000a\000t\000e\000\040\000S\000p\000a\000c\000e}{part.3}% 87
\BOOKMARK [1][-]{section.14.1}{\376\377\000T\000h\000e\000\040\000F\000a\000t\000e\000\040\000P\000o\000t\000e\000n\000t\000i\000a\000l}{chapter.14}% 88
\BOOKMARK [1][-]{section.14.2}{\376\377\000F\000a\000t\000e\000\040\000C\000u\000r\000v\000a\000t\000u\000r\000e}{chapter.14}% 89
\BOOKMARK [1][-]{section.14.3}{\376\377\000R\000e\000p\000a\000i\000r\000\040\000B\000a\000s\000i\000n\000s}{chapter.14}% 90
\BOOKMARK [1][-]{section.14.4}{\376\377\000B\000o\000u\000n\000d\000a\000r\000y\000\040\000C\000u\000r\000v\000a\000t\000u\000r\000e\000\040\000D\000i\000v\000e\000r\000g\000e\000n\000c\000e}{chapter.14}% 91
\BOOKMARK [0][-]{chapter.15}{\376\377\000F\000a\000t\000e\000\040\000F\000l\000o\000w\000s\000\040\000a\000n\000d\000\040\000G\000e\000o\000d\000e\000s\000i\000c\000s}{part.3}% 92
\BOOKMARK [1][-]{section.15.1}{\376\377\000F\000a\000t\000e\000\040\000T\000r\000a\000j\000e\000c\000t\000o\000r\000i\000e\000s}{chapter.15}% 93
\BOOKMARK [1][-]{section.15.2}{\376\377\000G\000e\000o\000d\000e\000s\000i\000c\000s\000\040\000i\000n\000\040\000F\000a\000t\000e\000\040\000S\000p\000a\000c\000e}{chapter.15}% 94
\BOOKMARK [1][-]{section.15.3}{\376\377\000T\000h\000e\000\040\000E\000u\000l\000e\000r\040\023\000L\000a\000g\000r\000a\000n\000g\000e\000\040\000E\000q\000u\000a\000t\000i\000o\000n\000s\000\040\000o\000f\000\040\000F\000a\000t\000e}{chapter.15}% 95
\BOOKMARK [1][-]{section.15.4}{\376\377\000P\000e\000r\000s\000i\000s\000t\000e\000n\000t\000\040\000S\000y\000s\000t\000e\000m\000s\000\040\000F\000o\000l\000l\000o\000w\000\040\000G\000e\000o\000d\000e\000s\000i\000c\000s}{chapter.15}% 96
\BOOKMARK [1][-]{section.15.5}{\376\377\000R\000S\000V\000P\000\040\000a\000s\000\040\000F\000a\000t\000e\000\040\000T\000r\000a\000n\000s\000p\000o\000r\000t}{chapter.15}% 97
\BOOKMARK [0][-]{chapter.16}{\376\377\000O\000b\000j\000e\000c\000t\000s\000\040\000a\000s\000\040\000S\000t\000a\000b\000l\000e\000\040\000F\000a\000t\000e\000\040\000R\000e\000g\000i\000o\000n\000s}{part.3}% 98
\BOOKMARK [1][-]{section.16.1}{\376\377\000F\000a\000t\000e\000-\000U\000n\000i\000f\000o\000r\000m\000\040\000R\000e\000g\000i\000o\000n\000s}{chapter.16}% 99
\BOOKMARK [1][-]{section.16.2}{\376\377\000O\000b\000j\000e\000c\000t\000s}{chapter.16}% 100
\BOOKMARK [1][-]{section.16.3}{\376\377\000O\000b\000j\000e\000c\000t\000\040\000B\000o\000u\000n\000d\000a\000r\000i\000e\000s\000\040\000a\000n\000d\000\040\000S\000i\000n\000g\000u\000l\000a\000r\000\040\000S\000t\000r\000a\000t\000a}{chapter.16}% 101
\BOOKMARK [1][-]{section.16.4}{\376\377\000O\000b\000j\000e\000c\000t\000\040\000S\000t\000a\000b\000i\000l\000i\000t\000y}{chapter.16}% 102
\BOOKMARK [1][-]{section.16.5}{\376\377\000O\000b\000j\000e\000c\000t\000\040\000F\000o\000r\000m\000a\000t\000i\000o\000n}{chapter.16}% 103
\BOOKMARK [1][-]{section.16.6}{\376\377\000T\000h\000e\000\040\000M\000a\000t\000h\000e\000m\000a\000t\000i\000c\000a\000l\000\040\000C\000l\000i\000m\000a\000x}{chapter.16}% 104
\BOOKMARK [-1][-]{part.4}{\376\377\000I\000V\000\040\000F\000a\000t\000e\000\040\000E\000c\000o\000l\000o\000g\000y}{}% 105
\BOOKMARK [0][-]{chapter.17}{\376\377\000F\000a\000t\000e\000\040\000C\000l\000a\000s\000s\000e\000s\000\040\000a\000n\000d\000\040\000P\000o\000p\000u\000l\000a\000t\000i\000o\000n\000\040\000D\000y\000n\000a\000m\000i\000c\000s}{part.4}% 106
\BOOKMARK [1][-]{section.17.1}{\376\377\000F\000a\000t\000e\000\040\000C\000l\000a\000s\000s\000e\000s}{chapter.17}% 107
\BOOKMARK [1][-]{section.17.2}{\376\377\000F\000a\000t\000e\000\040\000C\000l\000a\000s\000s\000\040\000P\000o\000p\000u\000l\000a\000t\000i\000o\000n\000s}{chapter.17}% 108
\BOOKMARK [1][-]{section.17.3}{\376\377\000T\000h\000e\000\040\000E\000c\000o\000l\000o\000g\000y\000\040\000E\000q\000u\000a\000t\000i\000o\000n}{chapter.17}% 109
\BOOKMARK [1][-]{section.17.4}{\376\377\000D\000e\000r\000i\000v\000i\000n\000g\000\040\000t\000h\000e\000\040\000R\000a\000t\000e\000s\000\040\000f\000r\000o\000m\000\040\000O\000p\000e\000r\000a\000t\000o\000r\000s}{chapter.17}% 110
\BOOKMARK [1][-]{section.17.5}{\376\377\000P\000e\000r\000s\000i\000s\000t\000e\000n\000c\000e\000\040\000a\000s\000\040\000a\000\040\000S\000p\000e\000c\000i\000a\000l\000\040\000E\000c\000o\000l\000o\000g\000i\000c\000a\000l\000\040\000R\000e\000g\000i\000m\000e}{chapter.17}% 111
\BOOKMARK [1][-]{section.17.6}{\376\377\000T\000h\000e\000\040\000E\000c\000o\000l\000o\000g\000i\000c\000a\000l\000\040\000E\000m\000e\000r\000g\000e\000n\000c\000e\000\040\000M\000e\000t\000a\000-\000T\000h\000e\000o\000r\000e\000m}{chapter.17}% 112
\BOOKMARK [1][-]{section.17.7}{\376\377\000C\000o\000n\000n\000e\000c\000t\000i\000n\000g\000\040\000t\000o\000\040\000t\000h\000e\000\040\000O\000u\000t\000e\000r\000\040\000V\000o\000l\000u\000m\000e\000s}{chapter.17}% 113
\BOOKMARK [0][-]{chapter.18}{\376\377\000T\000o\000p\000o\000l\000o\000g\000y\000\040\000o\000f\000\040\000F\000a\000t\000e\000\040\000S\000p\000a\000c\000e}{part.4}% 114
\BOOKMARK [1][-]{section.18.1}{\376\377\000T\000h\000e\000\040\000F\000a\000t\000e\000\040\000I\000m\000a\000g\000e}{chapter.18}% 115
\BOOKMARK [1][-]{section.18.2}{\376\377\000C\000o\000n\000n\000e\000c\000t\000e\000d\000\040\000C\000o\000m\000p\000o\000n\000e\000n\000t\000s\000\040\000a\000n\000d\000\040\000F\000a\000t\000e\000\040\000G\000a\000p\000s}{chapter.18}% 116
\BOOKMARK [1][-]{section.18.3}{\376\377\000F\000a\000t\000e\000\040\000L\000o\000o\000p\000s\000\040\000a\000n\000d\000\040\000R\000e\000c\000u\000r\000r\000e\000n\000c\000e}{chapter.18}% 117
\BOOKMARK [1][-]{section.18.4}{\376\377\000H\000i\000g\000h\000e\000r\000\040\000H\000o\000m\000o\000l\000o\000g\000y}{chapter.18}% 118
\BOOKMARK [0][-]{chapter.19}{\376\377\000O\000b\000s\000t\000r\000u\000c\000t\000i\000o\000n\000s\000\040\000a\000n\000d\000\040\000N\000o\000-\000G\000o\000\040\000R\000e\000g\000i\000o\000n\000s}{part.4}% 119
\BOOKMARK [1][-]{section.19.1}{\376\377\000F\000a\000t\000e\000\040\000O\000b\000s\000t\000r\000u\000c\000t\000i\000o\000n\000s}{chapter.19}% 120
\BOOKMARK [1][-]{section.19.2}{\376\377\000E\000x\000a\000m\000p\000l\000e\000s\000\040\000o\000f\000\040\000F\000a\000t\000e\000\040\000O\000b\000s\000t\000r\000u\000c\000t\000i\000o\000n\000s}{chapter.19}% 121
\BOOKMARK [0][-]{chapter.20}{\376\377\000R\000e\000a\000c\000h\000a\000b\000i\000l\000i\000t\000y\000\040\000a\000n\000d\000\040\000F\000a\000t\000e\000\040\000V\000o\000l\000u\000m\000e}{part.4}% 122
\BOOKMARK [1][-]{section.20.1}{\376\377\000R\000e\000a\000c\000h\000a\000b\000l\000e\000\040\000F\000a\000t\000e\000\040\000R\000e\000g\000i\000o\000n\000s}{chapter.20}% 123
\BOOKMARK [1][-]{section.20.2}{\376\377\000R\000e\000a\000c\000h\000a\000b\000i\000l\000i\000t\000y\000\040\000a\000n\000d\000\040\000P\000e\000r\000s\000i\000s\000t\000e\000n\000c\000e}{chapter.20}% 124
\BOOKMARK [1][-]{section.20.3}{\376\377\000F\000a\000t\000e\000\040\000V\000o\000l\000u\000m\000e\000\040\000a\000n\000d\000\040\000A\000d\000m\000i\000s\000s\000i\000b\000i\000l\000i\000t\000y}{chapter.20}% 125
\BOOKMARK [0][-]{chapter.21}{\376\377\000E\000n\000t\000r\000o\000p\000y\000\040\000a\000s\000\040\000F\000a\000t\000e\000\040\000C\000o\000n\000t\000r\000a\000c\000t\000i\000o\000n}{part.4}% 126
\BOOKMARK [1][-]{section.21.1}{\376\377\000F\000a\000t\000e\000\040\000E\000n\000t\000r\000o\000p\000y}{chapter.21}% 127
\BOOKMARK [1][-]{section.21.2}{\376\377\000T\000h\000e\000\040\000E\000n\000t\000r\000o\000p\000y\040\023\000R\000e\000a\000c\000h\000a\000b\000i\000l\000i\000t\000y\000\040\000T\000h\000e\000o\000r\000e\000m}{chapter.21}% 128
\BOOKMARK [1][-]{section.21.3}{\376\377\000T\000h\000e\000\040\000S\000e\000c\000o\000n\000d\000\040\000L\000a\000w\000\040\000a\000s\000\040\000F\000a\000t\000e\000\040\000C\000o\000n\000t\000r\000a\000c\000t\000i\000o\000n}{chapter.21}% 129
\BOOKMARK [1][-]{section.21.4}{\376\377\000T\000h\000e\000\040\000F\000a\000t\000e\000\040\000C\000o\000n\000s\000e\000r\000v\000a\000t\000i\000o\000n\000\040\000L\000a\000w}{chapter.21}% 130
\BOOKMARK [-1][-]{part.5}{\376\377\000V\000\040\000F\000a\000t\000e\000\040\000a\000t\000\040\000S\000c\000a\000l\000e}{}% 131
\BOOKMARK [0][-]{chapter.22}{\376\377\000F\000a\000t\000e\000\040\000F\000i\000e\000l\000d\000s}{part.5}% 132
\BOOKMARK [1][-]{section.22.1}{\376\377\000T\000h\000e\000\040\000F\000a\000t\000e\000\040\000F\000i\000e\000l\000d}{chapter.22}% 133
\BOOKMARK [1][-]{section.22.2}{\376\377\000F\000a\000t\000e\000\040\000F\000i\000e\000l\000d\000\040\000D\000e\000n\000s\000i\000t\000i\000e\000s}{chapter.22}% 134
\BOOKMARK [1][-]{section.22.3}{\376\377\000F\000a\000t\000e\000\040\000G\000r\000a\000d\000i\000e\000n\000t\000s\000\040\000a\000n\000d\000\040\000S\000t\000r\000u\000c\000t\000u\000r\000a\000l\000\040\000B\000o\000u\000n\000d\000a\000r\000i\000e\000s}{chapter.22}% 135
\BOOKMARK [1][-]{section.22.4}{\376\377\000P\000e\000r\000s\000i\000s\000t\000e\000n\000c\000e\000\040\000B\000a\000s\000i\000n\000s}{chapter.22}% 136
\BOOKMARK [1][-]{section.22.5}{\376\377\000T\000h\000e\000\040\000F\000a\000t\000e\000\040\000T\000r\000a\000n\000s\000p\000o\000r\000t\000\040\000E\000q\000u\000a\000t\000i\000o\000n}{chapter.22}% 137
\BOOKMARK [0][-]{chapter.23}{\376\377\000P\000h\000a\000s\000e\000\040\000T\000r\000a\000n\000s\000i\000t\000i\000o\000n\000s\000\040\000o\000f\000\040\000D\000i\000s\000t\000i\000n\000g\000u\000i\000s\000h\000a\000b\000i\000l\000i\000t\000y}{part.5}% 138
\BOOKMARK [1][-]{section.23.1}{\376\377\000T\000h\000e\000\040\000C\000o\000l\000l\000a\000p\000s\000e\000\040\000O\000r\000d\000e\000r\000\040\000P\000a\000r\000a\000m\000e\000t\000e\000r}{chapter.23}% 139
\BOOKMARK [1][-]{section.23.2}{\376\377\000T\000h\000e\000\040\000C\000o\000l\000l\000e\000c\000t\000i\000v\000e\000\040\000C\000o\000l\000l\000a\000p\000s\000e\000\040\000T\000h\000e\000o\000r\000e\000m}{chapter.23}% 140
\BOOKMARK [1][-]{section.23.3}{\376\377\000C\000o\000l\000l\000e\000c\000t\000i\000v\000e\000\040\000S\000i\000n\000g\000u\000l\000a\000r\000i\000t\000i\000e\000s}{chapter.23}% 141
\BOOKMARK [1][-]{section.23.4}{\376\377\000C\000r\000i\000t\000i\000c\000a\000l\000\040\000P\000h\000e\000n\000o\000m\000e\000n\000a}{chapter.23}% 142
\BOOKMARK [0][-]{chapter.24}{\376\377\000C\000o\000l\000l\000e\000c\000t\000i\000v\000e\000\040\000F\000a\000t\000e}{part.5}% 143
\BOOKMARK [1][-]{section.24.1}{\376\377\000D\000i\000s\000t\000i\000n\000c\000t\000i\000o\000n\000\040\000N\000e\000t\000w\000o\000r\000k\000s}{chapter.24}% 144
\BOOKMARK [1][-]{section.24.2}{\376\377\000C\000o\000l\000l\000e\000c\000t\000i\000v\000e\000\040\000F\000a\000t\000e}{chapter.24}% 145
\BOOKMARK [1][-]{section.24.3}{\376\377\000C\000a\000s\000c\000a\000d\000e\000\040\000D\000y\000n\000a\000m\000i\000c\000s}{chapter.24}% 146
\BOOKMARK [1][-]{section.24.4}{\376\377\000N\000e\000t\000w\000o\000r\000k\000\040\000P\000e\000r\000s\000i\000s\000t\000e\000n\000c\000e}{chapter.24}% 147
\BOOKMARK [1][-]{section.24.5}{\376\377\000C\000o\000l\000l\000e\000c\000t\000i\000v\000e\000\040\000O\000b\000j\000e\000c\000t\000s}{chapter.24}% 148
\BOOKMARK [0][-]{chapter.25}{\376\377\000M\000e\000m\000o\000r\000y\000\040\000a\000n\000d\000\040\000F\000a\000t\000e}{part.5}% 149
\BOOKMARK [1][-]{section.25.1}{\376\377\000M\000e\000m\000o\000r\000y\000\040\000a\000s\000\040\000R\000e\000c\000o\000v\000e\000r\000a\000b\000l\000e\000\040\000D\000i\000s\000t\000i\000n\000c\000t\000i\000o\000n}{chapter.25}% 150
\BOOKMARK [1][-]{section.25.2}{\376\377\000P\000e\000r\000s\000i\000s\000t\000e\000n\000c\000e\000\040\000a\000n\000d\000\040\000M\000e\000m\000o\000r\000y}{chapter.25}% 151
\BOOKMARK [1][-]{section.25.3}{\376\377\000M\000e\000m\000o\000r\000y\000\040\000F\000i\000e\000l\000d\000s\000\040\000a\000n\000d\000\040\000R\000e\000s\000e\000r\000v\000o\000i\000r\000s}{chapter.25}% 152
\BOOKMARK [1][-]{section.25.4}{\376\377\000F\000o\000r\000g\000e\000t\000t\000i\000n\000g\000\040\000a\000s\000\040\000S\000t\000r\000a\000t\000u\000m\000\040\000C\000r\000o\000s\000s\000i\000n\000g}{chapter.25}% 153
\BOOKMARK [0][-]{chapter.26}{\376\377\000D\000i\000s\000c\000o\000v\000e\000r\000y\000\040\000a\000n\000d\000\040\000F\000a\000t\000e}{part.5}% 154
\BOOKMARK [1][-]{section.26.1}{\376\377\000D\000i\000s\000c\000o\000v\000e\000r\000y\000\040\000a\000s\000\040\000E\000x\000p\000a\000n\000s\000i\000o\000n}{chapter.26}% 155
\BOOKMARK [1][-]{section.26.2}{\376\377\000D\000i\000s\000c\000o\000v\000e\000r\000y\000\040\000a\000n\000d\000\040\000F\000a\000t\000e\000\040\000S\000p\000a\000c\000e}{chapter.26}% 156
\BOOKMARK [1][-]{section.26.3}{\376\377\000A\000d\000m\000i\000s\000s\000i\000b\000i\000l\000i\000t\000y\000\040\000C\000o\000n\000s\000t\000r\000a\000i\000n\000t\000s\000\040\000o\000n\000\040\000D\000i\000s\000c\000o\000v\000e\000r\000y}{chapter.26}% 157
\BOOKMARK [1][-]{section.26.4}{\376\377\000T\000h\000e\000\040\000I\000n\000n\000o\000v\000a\000t\000i\000o\000n\000\040\000P\000r\000i\000n\000c\000i\000p\000l\000e}{chapter.26}% 158
\BOOKMARK [1][-]{section.26.5}{\376\377\000T\000h\000e\000\040\000E\000c\000o\000l\000o\000g\000y\000\040\000o\000f\000\040\000N\000o\000v\000e\000l\000t\000y}{chapter.26}% 159
\BOOKMARK [0][-]{chapter.27}{\376\377\000C\000i\000v\000i\000l\000i\000z\000a\000t\000i\000o\000n\000\040\000a\000s\000\040\000F\000a\000t\000e\000\040\000G\000e\000o\000m\000e\000t\000r\000y}{part.5}% 160
\BOOKMARK [1][-]{section.27.1}{\376\377\000C\000i\000v\000i\000l\000i\000z\000a\000t\000i\000o\000n\000\040\000a\000s\000\040\000a\000\040\000P\000e\000r\000s\000i\000s\000t\000e\000n\000c\000e\000\040\000S\000y\000s\000t\000e\000m}{chapter.27}% 161
\BOOKMARK [1][-]{section.27.2}{\376\377\000T\000h\000e\000\040\000C\000o\000m\000p\000o\000n\000e\000n\000t\000s\000\040\000o\000f\000\040\000C\000i\000v\000i\000l\000i\000z\000a\000t\000i\000o\000n\000\040\000i\000n\000\040\000F\000a\000t\000e\000-\000G\000e\000o\000m\000e\000t\000r\000i\000c\000\040\000T\000e\000r\000m\000s}{chapter.27}% 162
\BOOKMARK [1][-]{section.27.3}{\376\377\000C\000i\000v\000i\000l\000i\000z\000a\000t\000i\000o\000n\000a\000l\000\040\000F\000a\000t\000e\000\040\000a\000n\000d\000\040\000R\000e\000a\000c\000h\000a\000b\000i\000l\000i\000t\000y}{chapter.27}% 163
\BOOKMARK [1][-]{section.27.4}{\376\377\000C\000r\000i\000t\000e\000r\000i\000a\000\040\000f\000o\000r\000\040\000C\000o\000l\000l\000a\000p\000s\000e\000\040\000a\000n\000d\000\040\000P\000e\000r\000s\000i\000s\000t\000e\000n\000c\000e}{chapter.27}% 164
\BOOKMARK [1][-]{section.27.5}{\376\377\000C\000i\000v\000i\000l\000i\000z\000a\000t\000i\000o\000n\000\040\000a\000s\000\040\000a\000\040\000P\000e\000r\000s\000i\000s\000t\000e\000n\000c\000e\000\040\000B\000a\000s\000i\000n}{chapter.27}% 165
\BOOKMARK [-1][-]{part.6}{\376\377\000V\000I\000\040\000U\000n\000i\000f\000i\000e\000d\000\040\000S\000y\000n\000t\000h\000e\000s\000i\000s}{}% 166
\BOOKMARK [0][-]{chapter.28}{\376\377\000T\000h\000e\000\040\000O\000p\000e\000r\000a\000t\000o\000r\000\040\000D\000i\000c\000t\000i\000o\000n\000a\000r\000y}{part.6}% 167
\BOOKMARK [1][-]{section.28.1}{\376\377\000T\000h\000e\000\040\000T\000r\000a\000n\000s\000l\000a\000t\000i\000o\000n\000\040\000T\000a\000b\000l\000e}{chapter.28}% 168
\BOOKMARK [1][-]{section.28.2}{\376\377\000W\000h\000a\000t\000\040\000t\000h\000e\000\040\000T\000a\000b\000l\000e\000\040\000S\000h\000o\000w\000s}{chapter.28}% 169
\BOOKMARK [1][-]{section.28.3}{\376\377\000T\000h\000e\000\040\000A\000r\000g\000u\000m\000e\000n\000t\000\040\000S\000p\000i\000n\000e}{chapter.28}% 170
\BOOKMARK [0][-]{chapter.29}{\376\377\000T\000h\000e\000\040\000F\000a\000t\000e\000\040\000T\000h\000e\000o\000r\000e\000m}{part.6}% 171
\BOOKMARK [1][-]{section.29.1}{\376\377\000O\000b\000j\000e\000c\000t\000h\000o\000o\000d}{chapter.29}% 172
\BOOKMARK [1][-]{section.29.2}{\376\377\000K\000n\000o\000w\000l\000e\000d\000g\000e}{chapter.29}% 173
\BOOKMARK [1][-]{section.29.3}{\376\377\000C\000i\000v\000i\000l\000i\000z\000a\000t\000i\000o\000n}{chapter.29}% 174
\BOOKMARK [1][-]{section.29.4}{\376\377\000T\000h\000e\000\040\000F\000a\000t\000e\000\040\000T\000h\000e\000o\000r\000e\000m}{chapter.29}% 175
\BOOKMARK [0][-]{chapter.30}{\376\377\000E\000p\000i\000l\000o\000g\000u\000e\000:\000\040\000B\000e\000y\000o\000n\000d\000\040\000F\000a\000t\000e}{part.6}% 176
\BOOKMARK [1][-]{section.30.1}{\376\377\000T\000h\000e\000\040\000S\000h\000i\000f\000t\000\040\000f\000r\000o\000m\000\040\000S\000t\000a\000t\000e\000\040\000t\000o\000\040\000F\000a\000t\000e}{chapter.30}% 177
\BOOKMARK [1][-]{section.30.2}{\376\377\000F\000a\000m\000i\000l\000i\000a\000r\000\040\000C\000o\000n\000c\000e\000p\000t\000s\000\040\000U\000n\000d\000e\000r\000\040\000t\000h\000e\000\040\000F\000a\000t\000e\000\040\000P\000e\000r\000s\000p\000e\000c\000t\000i\000v\000e}{chapter.30}% 178
\BOOKMARK [1][-]{section.30.3}{\376\377\000W\000h\000y\000\040\000C\000o\000l\000l\000a\000p\000s\000e\000\040\000M\000a\000t\000t\000e\000r\000s}{chapter.30}% 179
\BOOKMARK [1][-]{section.30.4}{\376\377\000T\000h\000e\000\040\000P\000e\000r\000s\000p\000e\000c\000t\000i\000v\000e\000\040\000o\000f\000\040\000R\000e\000p\000a\000i\000r}{chapter.30}% 180
\BOOKMARK [1][-]{section.30.5}{\376\377\000T\000h\000e\000\040\000F\000a\000t\000e\000\040\000o\000f\000\040\000T\000h\000i\000s\000\040\000T\000h\000e\000o\000r\000y}{chapter.30}% 181
\BOOKMARK [1][-]{section.30.6}{\376\377\000O\000p\000e\000n\000\040\000P\000r\000o\000b\000l\000e\000m\000s}{chapter.30}% 182
\BOOKMARK [1][-]{section.30.7}{\376\377\000F\000i\000n\000a\000l\000\040\000R\000e\000m\000a\000r\000k}{chapter.30}% 183
\BOOKMARK [0][-]{appendix.A}{\376\377\000F\000o\000u\000n\000d\000a\000t\000i\000o\000n\000s\000\040\000o\000f\000\040\000D\000i\000s\000t\000i\000n\000g\000u\000i\000s\000h\000a\000b\000i\000l\000i\000t\000y\000\040\000S\000p\000a\000c\000e\000s}{part.6}% 184
\BOOKMARK [1][-]{section.A.1}{\376\377\000G\000e\000n\000e\000r\000a\000l\000\040\000O\000b\000s\000e\000r\000v\000a\000t\000i\000o\000n\000a\000l\000\040\000F\000a\000m\000i\000l\000i\000e\000s}{appendix.A}% 185
\BOOKMARK [1][-]{section.A.2}{\376\377\000C\000o\000m\000p\000l\000e\000t\000e\000n\000e\000s\000s\000\040\000a\000n\000d\000\040\000S\000e\000p\000a\000r\000a\000b\000i\000l\000i\000t\000y}{appendix.A}% 186
\BOOKMARK [1][-]{section.A.3}{\376\377\000P\000a\000r\000t\000i\000t\000i\000o\000n\000\040\000L\000a\000t\000t\000i\000c\000e\000:\000\040\000F\000u\000l\000l\000\040\000P\000r\000o\000o\000f}{appendix.A}% 187
\BOOKMARK [1][-]{section.A.4}{\376\377\000C\000a\000p\000a\000c\000i\000t\000y\000\040\000a\000s\000\040\000a\000\040\000L\000a\000t\000t\000i\000c\000e\000\040\000H\000o\000m\000o\000m\000o\000r\000p\000h\000i\000s\000m}{appendix.A}% 188
\BOOKMARK [0][-]{appendix.B}{\376\377\000O\000p\000e\000r\000a\000t\000o\000r\000-\000A\000l\000g\000e\000b\000r\000a\000i\000c\000\040\000F\000o\000u\000n\000d\000a\000t\000i\000o\000n\000s}{part.6}% 189
\BOOKMARK [1][-]{section.B.1}{\376\377\000T\000h\000e\000\040\000C\000a\000t\000e\000g\000o\000r\000y\000\040\000o\000f\000\040\000D\000i\000s\000t\000i\000n\000g\000u\000i\000s\000h\000a\000b\000i\000l\000i\000t\000y\000\040\000O\000p\000e\000r\000a\000t\000o\000r\000s}{appendix.B}% 190
\BOOKMARK [1][-]{section.B.2}{\376\377\000T\000h\000e\000\040\000E\000n\000d\000o\000m\000o\000r\000p\000h\000i\000s\000m\000\040\000M\000o\000n\000o\000i\000d}{appendix.B}% 191
\BOOKMARK [1][-]{section.B.3}{\376\377\000C\000o\000l\000l\000a\000p\000s\000e\000\040\000I\000d\000e\000a\000l\000s}{appendix.B}% 192
\BOOKMARK [1][-]{section.B.4}{\376\377\000R\000e\000p\000a\000i\000r\000\040\000S\000e\000m\000i\000g\000r\000o\000u\000p}{appendix.B}% 193
\BOOKMARK [1][-]{section.B.5}{\376\377\000T\000h\000e\000\040\000I\000n\000t\000e\000r\000p\000l\000a\000y\000:\000\040\000I\000d\000e\000a\000l\040\023\000S\000e\000m\000i\000g\000r\000o\000u\000p\000\040\000D\000u\000a\000l\000i\000t\000y}{appendix.B}% 194
\BOOKMARK [0][-]{appendix.C}{\376\377\000T\000o\000p\000o\000l\000o\000g\000y\000\040\000a\000n\000d\000\040\000G\000e\000o\000m\000e\000t\000r\000y\000\040\000o\000f\000\040\000F\000a\000t\000e\000\040\000S\000p\000a\000c\000e}{part.6}% 195
\BOOKMARK [1][-]{section.C.1}{\376\377\000P\000r\000o\000d\000u\000c\000t\000\040\000T\000o\000p\000o\000l\000o\000g\000y\000\040\000a\000n\000d\000\040\000C\000o\000m\000p\000o\000n\000e\000n\000t\000\040\000S\000t\000r\000u\000c\000t\000u\000r\000e}{appendix.C}% 196
\BOOKMARK [1][-]{section.C.2}{\376\377\000H\000o\000m\000o\000t\000o\000p\000y\000\040\000C\000l\000a\000s\000s\000i\000f\000i\000c\000a\000t\000i\000o\000n\000\040\000o\000f\000\040\000F\000a\000t\000e\000\040\000T\000r\000a\000j\000e\000c\000t\000o\000r\000i\000e\000s}{appendix.C}% 197
\BOOKMARK [1][-]{section.C.3}{\376\377\000C\000u\000r\000v\000a\000t\000u\000r\000e\000\040\000o\000f\000\040\000t\000h\000e\000\040\000A\000d\000m\000i\000s\000s\000i\000b\000i\000l\000i\000t\000y\000\040\000B\000o\000u\000n\000d\000a\000r\000y}{appendix.C}% 198
\BOOKMARK [1][-]{section.C.4}{\376\377\000W\000h\000i\000t\000n\000e\000y\000\040\000S\000t\000r\000a\000t\000i\000f\000i\000c\000a\000t\000i\000o\000n\000\040\000o\000f\000\040\000t\000h\000e\000\040\000S\000i\000n\000g\000u\000l\000a\000r\000\040\000S\000e\000t}{appendix.C}% 199
\BOOKMARK [0][-]{appendix.D}{\376\377\000M\000e\000a\000s\000u\000r\000e\000\040\000T\000h\000e\000o\000r\000y\000\040\000a\000n\000d\000\040\000F\000a\000t\000e\000-\000C\000l\000a\000s\000s\000\040\000D\000y\000n\000a\000m\000i\000c\000s}{part.6}% 200
\BOOKMARK [1][-]{section.D.1}{\376\377\000M\000e\000a\000s\000u\000r\000e\000s\000\040\000o\000n\000\040\000D\000i\000s\000t\000i\000n\000c\000t\000i\000o\000n\000-\000P\000a\000i\000r\000\040\000S\000p\000a\000c\000e}{appendix.D}% 201
\BOOKMARK [1][-]{section.D.2}{\376\377\000F\000a\000t\000e\000\040\000C\000l\000a\000s\000s\000\040\000P\000o\000p\000u\000l\000a\000t\000i\000o\000n\000s\000\040\000a\000s\000\040\000M\000e\000a\000s\000u\000r\000e\000s}{appendix.D}% 202
\BOOKMARK [1][-]{section.D.3}{\376\377\000T\000h\000e\000\040\000M\000a\000s\000t\000e\000r\000\040\000E\000q\000u\000a\000t\000i\000o\000n}{appendix.D}% 203
\BOOKMARK [1][-]{section.D.4}{\376\377\000S\000t\000a\000t\000i\000o\000n\000a\000r\000y\000\040\000D\000i\000s\000t\000r\000i\000b\000u\000t\000i\000o\000n\000\040\000a\000n\000d\000\040\000F\000a\000t\000e\000\040\000E\000q\000u\000i\000l\000i\000b\000r\000i\000u\000m}{appendix.D}% 204
\BOOKMARK [1][-]{section.D.5}{\376\377\000E\000n\000t\000r\000o\000p\000y\000\040\000o\000f\000\040\000F\000a\000t\000e\000\040\000P\000o\000p\000u\000l\000a\000t\000i\000o\000n\000s}{appendix.D}% 205
\BOOKMARK [0][-]{appendix.E}{\376\377\000C\000a\000t\000e\000g\000o\000r\000y\000\040\000T\000h\000e\000o\000r\000y\000\040\000o\000f\000\040\000D\000i\000s\000t\000i\000n\000c\000t\000i\000o\000n\000\040\000S\000y\000s\000t\000e\000m\000s}{part.6}% 206
\BOOKMARK [1][-]{section.E.1}{\376\377\000T\000h\000e\000\040\000C\000a\000t\000e\000g\000o\000r\000y\000\040\000D\000i\000s\000t}{appendix.E}% 207
\BOOKMARK [1][-]{section.E.2}{\376\377\000T\000h\000e\000\040\000C\000a\000t\000e\000g\000o\000r\000y\000\040\000F\000a\000t\000e}{appendix.E}% 208
\BOOKMARK [1][-]{section.E.3}{\376\377\000T\000h\000e\000\040\000F\000a\000t\000e\000\040\000F\000u\000n\000c\000t\000o\000r}{appendix.E}% 209
\BOOKMARK [1][-]{section.E.4}{\376\377\000N\000a\000t\000u\000r\000a\000l\000\040\000T\000r\000a\000n\000s\000f\000o\000r\000m\000a\000t\000i\000o\000n\000s\000\040\000a\000n\000d\000\040\000R\000e\000p\000a\000i\000r}{appendix.E}% 210
\BOOKMARK [1][-]{section.E.5}{\376\377\000T\000h\000e\000\040\000C\000i\000v\000i\000l\000i\000z\000a\000t\000i\000o\000n\000a\000l\000\040\000F\000u\000n\000c\000t\000o\000r}{appendix.E}% 211
\BOOKMARK [0][-]{appendix.F}{\376\377\000C\000o\000n\000n\000e\000c\000t\000i\000o\000n\000s\000\040\000t\000o\000\040\000t\000h\000e\000\040\000O\000u\000t\000e\000r\000\040\000V\000o\000l\000u\000m\000e\000s}{part.6}% 212
\BOOKMARK [1][-]{section.F.1}{\376\377\000P\000B\000T\000:\000\040\000P\000e\000r\000s\000i\000s\000t\000e\000n\000c\000e\000\040\000a\000s\000\040\000F\000a\000t\000e\000\040\000E\000q\000u\000i\000l\000i\000b\000r\000i\000u\000m}{appendix.F}% 213
\BOOKMARK [1][-]{section.F.2}{\376\377\000E\000O\000D\000:\000\040\000A\000d\000m\000i\000s\000s\000i\000b\000i\000l\000i\000t\000y\000\040\000V\000o\000l\000u\000m\000e\000\040\000a\000s\000\040\000F\000a\000t\000e\000\040\000V\000o\000l\000u\000m\000e}{appendix.F}% 214
\BOOKMARK [1][-]{section.F.3}{\376\377\000E\000O\000D\000:\000\040\000T\000h\000e\000\040\000P\000r\000e\000s\000e\000r\000v\000a\000t\000i\000o\000n\000\040\000H\000i\000e\000r\000a\000r\000c\000h\000y}{appendix.F}% 215
\BOOKMARK [0][-]{appendix.G}{\376\377\000T\000h\000e\000\040\000R\000o\000s\000e\000t\000t\000a\000\040\000S\000t\000o\000n\000e\000\040\000o\000f\000\040\000t\000h\000e\000\040\000T\000r\000i\000l\000o\000g\000y}{part.6}% 216
\BOOKMARK [1][-]{section.G.1}{\376\377\000T\000h\000e\000\040\000T\000h\000r\000e\000e\000\040\000T\000r\000i\000l\000o\000g\000y\000\040\000C\000a\000t\000e\000g\000o\000r\000i\000e\000s}{appendix.G}% 217
\BOOKMARK [1][-]{section.G.2}{\376\377\000T\000h\000e\000\040\000F\000u\000n\000c\000t\000o\000r\000s}{appendix.G}% 218
\BOOKMARK [1][-]{section.G.3}{\376\377\000T\000h\000e\000\040\000R\000o\000s\000e\000t\000t\000a\000\040\000S\000t\000o\000n\000e\000\040\000T\000h\000e\000o\000r\000e\000m}{appendix.G}% 219
\BOOKMARK [1][-]{section.G.4}{\376\377\000T\000h\000e\000\040\000T\000r\000i\000l\000o\000g\000y\000\040\000a\000s\000\040\000a\000\040\000D\000i\000a\000g\000r\000a\000m\000\040\000o\000f\000\040\000C\000a\000t\000e\000g\000o\000r\000i\000e\000s}{appendix.G}% 220
\BOOKMARK [1][-]{section.G.5}{\376\377\000T\000h\000r\000e\000e\000\040\000C\000o\000o\000r\000d\000i\000n\000a\000t\000e\000\040\000S\000y\000s\000t\000e\000m\000s\000\040\000o\000n\000\040\000O\000n\000e\000\040\000G\000e\000o\000m\000e\000t\000r\000y}{appendix.G}% 221
