\BOOKMARK [1][-]{section.1}{\376\377\000T\000h\000e\000\040\000O\000p\000e\000r\000a\000t\000o\000r\000-\000C\000o\000u\000n\000t\000\040\000F\000a\000i\000l\000u\000r\000e}{}% 1
\BOOKMARK [2][-]{subsection.1.1}{\376\377\000T\000h\000e\000\040\000D\000o\000u\000b\000l\000e\000-\000N\000e\000g\000a\000t\000i\000o\000n\000\040\000A\000s\000y\000m\000m\000e\000t\000r\000y}{section.1}% 2
\BOOKMARK [2][-]{subsection.1.2}{\376\377\000D\000o\000m\000a\000i\000n\000\040\000S\000e\000n\000s\000i\000t\000i\000v\000i\000t\000y\000\040\000o\000f\000\040\000M\000o\000n\000o\000t\000o\000n\000i\000c\000i\000t\000y\000\040\000C\000o\000s\000t}{section.1}% 3
\BOOKMARK [2][-]{subsection.1.3}{\376\377\000T\000h\000e\000\040\000P\000e\000r\000s\000i\000s\000t\000e\000n\000c\000e\000\040\000o\000f\000\040\000N\000e\000g\000a\000t\000i\000o\000n\000\040\000i\000n\000\040\000D\000e\000l\000a\000y\000e\000d\000\040\000V\000e\000r\000i\000f\000i\000c\000a\000t\000i\000o\000n}{section.1}% 4
\BOOKMARK [2][-]{subsection.1.4}{\376\377\000W\000h\000a\000t\000\040\000t\000h\000e\000\040\000F\000a\000i\000l\000u\000r\000e\000s\000\040\000S\000h\000a\000r\000e}{section.1}% 5
\BOOKMARK [1][-]{section.2}{\376\377\000I\000n\000f\000e\000r\000e\000n\000t\000i\000a\000l\000\040\000F\000i\000e\000l\000d\000s}{}% 6
\BOOKMARK [2][-]{subsection.2.1}{\376\377\000D\000i\000s\000t\000i\000n\000c\000t\000i\000o\000n\000s\000\040\000a\000n\000d\000\040\000R\000e\000a\000c\000h\000a\000b\000i\000l\000i\000t\000y}{section.2}% 7
\BOOKMARK [2][-]{subsection.2.2}{\376\377\000T\000h\000e\000\040\000O\000r\000i\000e\000n\000t\000a\000t\000i\000o\000n\000\040\000F\000i\000e\000l\000d}{section.2}% 8
\BOOKMARK [2][-]{subsection.2.3}{\376\377\000A\000d\000m\000i\000s\000s\000i\000b\000i\000l\000i\000t\000y}{section.2}% 9
\BOOKMARK [2][-]{subsection.2.4}{\376\377\000N\000e\000g\000a\000t\000i\000o\000n\000\040\000a\000s\000\040\000O\000r\000i\000e\000n\000t\000a\000t\000i\000o\000n\000\040\000T\000r\000a\000n\000s\000f\000o\000r\000m\000a\000t\000i\000o\000n}{section.2}% 10
\BOOKMARK [2][-]{subsection.2.5}{\376\377\000O\000r\000i\000e\000n\000t\000a\000t\000i\000o\000n\000\040\000C\000u\000r\000v\000a\000t\000u\000r\000e\000\040\000a\000n\000d\000\040\000P\000r\000o\000c\000e\000s\000s\000i\000n\000g\000\040\000C\000o\000s\000t}{section.2}% 11
\BOOKMARK [2][-]{subsection.2.6}{\376\377\000N\000e\000g\000a\000t\000i\000o\000n\000\040\000D\000i\000s\000t\000o\000r\000t\000i\000o\000n}{section.2}% 12
\BOOKMARK [1][-]{section.3}{\376\377\000T\000h\000e\000\040\000O\000r\000i\000e\000n\000t\000a\000t\000i\000o\000n\000-\000R\000e\000v\000e\000r\000s\000a\000l\000\040\000P\000r\000i\000n\000c\000i\000p\000l\000e}{}% 13
\BOOKMARK [2][-]{subsection.3.1}{\376\377\000F\000o\000u\000r\000\040\000P\000h\000e\000n\000o\000m\000e\000n\000a\000\040\000a\000s\000\040\000C\000o\000n\000s\000e\000q\000u\000e\000n\000c\000e\000s}{section.3}% 14
\BOOKMARK [3][-]{subsubsection.3.1.1}{\376\377\000D\000o\000u\000b\000l\000e\000-\000N\000e\000g\000a\000t\000i\000o\000n\000\040\000N\000o\000n\000-\000A\000d\000d\000i\000t\000i\000v\000i\000t\000y}{subsection.3.1}% 15
\BOOKMARK [3][-]{subsubsection.3.1.2}{\376\377\000D\000o\000m\000a\000i\000n\000-\000S\000e\000n\000s\000i\000t\000i\000v\000e\000\040\000M\000o\000n\000o\000t\000o\000n\000i\000c\000i\000t\000y\000\040\000C\000o\000s\000t}{subsection.3.1}% 16
\BOOKMARK [3][-]{subsubsection.3.1.3}{\376\377\000S\000u\000s\000t\000a\000i\000n\000e\000d\000\040\000V\000e\000r\000i\000f\000i\000c\000a\000t\000i\000o\000n\000\040\000E\000f\000f\000e\000c\000t\000s}{subsection.3.1}% 17
\BOOKMARK [3][-]{subsubsection.3.1.4}{\376\377\000N\000e\000g\000a\000t\000i\000v\000e\000\040\000P\000o\000l\000a\000r\000i\000t\000y\000\040\000I\000t\000e\000m\000\040\000L\000i\000c\000e\000n\000s\000i\000n\000g}{subsection.3.1}% 18
\BOOKMARK [2][-]{subsection.3.2}{\376\377\000T\000h\000e\000\040\000P\000r\000i\000n\000c\000i\000p\000l\000e\000\040\000a\000s\000\040\000U\000n\000i\000f\000i\000c\000a\000t\000i\000o\000n}{section.3}% 19
\BOOKMARK [1][-]{section.4}{\376\377\000N\000e\000g\000a\000t\000i\000v\000e\000\040\000P\000o\000l\000a\000r\000i\000t\000y\000\040\000I\000t\000e\000m\000s\000\040\000a\000s\000\040\000A\000d\000m\000i\000s\000s\000i\000b\000i\000l\000i\000t\000y\000\040\000P\000r\000o\000b\000e\000s}{}% 20
\BOOKMARK [2][-]{subsection.4.1}{\376\377\000A\000d\000m\000i\000s\000s\000i\000b\000i\000l\000i\000t\000y\000\040\000a\000n\000d\000\040\000O\000r\000i\000e\000n\000t\000a\000t\000i\000o\000n\000\040\000a\000s\000\040\000I\000n\000d\000e\000p\000e\000n\000d\000e\000n\000t\000\040\000C\000o\000n\000d\000i\000t\000i\000o\000n\000s}{section.4}% 21
\BOOKMARK [2][-]{subsection.4.2}{\376\377\000W\000h\000y\000\040\000D\000o\000w\000n\000w\000a\000r\000d\000\040\000O\000r\000i\000e\000n\000t\000a\000t\000i\000o\000n\000\040\000L\000i\000c\000e\000n\000s\000e\000s\000\040\000N\000P\000I\000s}{section.4}% 22
\BOOKMARK [2][-]{subsection.4.3}{\376\377\000D\000o\000m\000a\000i\000n\000\040\000S\000t\000r\000u\000c\000t\000u\000r\000e\000\040\000a\000n\000d\000\040\000L\000i\000c\000e\000n\000s\000i\000n\000g\000\040\000D\000o\000m\000a\000i\000n\000s}{section.4}% 23
\BOOKMARK [2][-]{subsection.4.4}{\376\377\000S\000u\000p\000e\000r\000p\000o\000l\000a\000r\000i\000t\000y\000\040\000a\000n\000d\000\040\000W\000e\000a\000k\000\040\000N\000P\000I\000s}{section.4}% 24
\BOOKMARK [2][-]{subsection.4.5}{\376\377\000T\000h\000e\000\040\000P\000r\000o\000b\000e\000\040\000M\000e\000t\000a\000p\000h\000o\000r\000\040\000a\000n\000d\000\040\000I\000t\000s\000\040\000L\000i\000m\000i\000t\000s}{section.4}% 25
\BOOKMARK [1][-]{section.5}{\376\377\000P\000e\000r\000s\000i\000s\000t\000e\000n\000c\000e\000,\000\040\000M\000e\000m\000o\000r\000y\000,\000\040\000a\000n\000d\000\040\000R\000e\000s\000i\000d\000u\000a\000l\000\040\000D\000i\000s\000t\000o\000r\000t\000i\000o\000n}{}% 26
\BOOKMARK [2][-]{subsection.5.1}{\376\377\000T\000h\000e\000\040\000R\000e\000p\000r\000e\000s\000e\000n\000t\000a\000t\000i\000o\000n\000\040\000P\000a\000s\000s\000e\000d\000\040\000t\000o\000\040\000V\000e\000r\000i\000f\000i\000c\000a\000t\000i\000o\000n}{section.5}% 27
\BOOKMARK [2][-]{subsection.5.2}{\376\377\000W\000h\000y\000\040\000T\000i\000m\000e\000\040\000D\000o\000e\000s\000\040\000N\000o\000t\000\040\000R\000e\000s\000o\000l\000v\000e\000\040\000D\000i\000s\000t\000o\000r\000t\000i\000o\000n}{section.5}% 28
\BOOKMARK [2][-]{subsection.5.3}{\376\377\000T\000w\000o\000\040\000V\000e\000r\000i\000f\000i\000c\000a\000t\000i\000o\000n\000\040\000S\000t\000r\000a\000t\000e\000g\000i\000e\000s}{section.5}% 29
\BOOKMARK [2][-]{subsection.5.4}{\376\377\000P\000e\000r\000s\000i\000s\000t\000e\000n\000c\000e\000\040\000a\000n\000d\000\040\000W\000o\000r\000k\000i\000n\000g\000-\000M\000e\000m\000o\000r\000y\000\040\000A\000r\000c\000h\000i\000t\000e\000c\000t\000u\000r\000e}{section.5}% 30
\BOOKMARK [2][-]{subsection.5.5}{\376\377\000P\000e\000r\000s\000i\000s\000t\000e\000n\000c\000e\000\040\000a\000n\000d\000\040\000t\000h\000e\000\040\000A\000d\000m\000i\000s\000s\000i\000b\000i\000l\000i\000t\000y\000\040\000S\000t\000r\000u\000c\000t\000u\000r\000e}{section.5}% 31
\BOOKMARK [2][-]{subsection.5.6}{\376\377\000S\000u\000m\000m\000a\000r\000y\000:\000\040\000T\000h\000r\000e\000e\000\040\000C\000o\000m\000p\000o\000n\000e\000n\000t\000s\000\040\000o\000f\000\040\000N\000e\000g\000a\000t\000i\000o\000n\000\040\000C\000o\000s\000t}{section.5}% 32
\BOOKMARK [1][-]{section.6}{\376\377\000N\000e\000u\000r\000a\000l\000\040\000D\000i\000s\000s\000o\000c\000i\000a\000t\000i\000o\000n\000\040\000a\000n\000d\000\040\000t\000h\000e\000\040\000F\000o\000u\000r\000-\000S\000t\000a\000g\000e\000\040\000M\000o\000d\000e\000l}{}% 33
\BOOKMARK [2][-]{subsection.6.1}{\376\377\000T\000h\000e\000\040\000R\000e\000l\000e\000v\000a\000n\000t\000\040\000N\000e\000u\000r\000a\000l\000\040\000E\000v\000i\000d\000e\000n\000c\000e}{section.6}% 34
\BOOKMARK [2][-]{subsection.6.2}{\376\377\000F\000o\000r\000m\000a\000l\000i\000z\000i\000n\000g\000\040\000t\000h\000e\000\040\000D\000i\000s\000s\000o\000c\000i\000a\000t\000i\000o\000n}{section.6}% 35
\BOOKMARK [2][-]{subsection.6.3}{\376\377\000A\000g\000a\000i\000n\000s\000t\000\040\000t\000h\000e\000\040\000G\000e\000n\000e\000r\000i\000c\000\040\000L\000o\000a\000d\000\040\000O\000b\000j\000e\000c\000t\000i\000o\000n}{section.6}% 36
\BOOKMARK [2][-]{subsection.6.4}{\376\377\000T\000h\000e\000\040\000F\000o\000u\000r\000-\000S\000t\000a\000g\000e\000\040\000M\000o\000d\000e\000l}{section.6}% 37
\BOOKMARK [2][-]{subsection.6.5}{\376\377\000T\000h\000e\000\040\000M\000o\000d\000e\000l\000\040\000a\000s\000\040\000C\000o\000m\000p\000u\000t\000a\000t\000i\000o\000n\000a\000l\000\040\000I\000n\000t\000e\000r\000p\000r\000e\000t\000a\000t\000i\000o\000n}{section.6}% 38
\BOOKMARK [1][-]{section.7}{\376\377\000C\000o\000n\000n\000e\000c\000t\000i\000o\000n\000s\000\040\000t\000o\000\040\000A\000d\000m\000i\000s\000s\000i\000b\000i\000l\000i\000t\000y\000\040\000G\000e\000o\000m\000e\000t\000r\000y\000\040\000a\000n\000d\000\040\000D\000i\000s\000t\000i\000n\000g\000u\000i\000s\000h\000a\000b\000i\000l\000i\000t\000y\000\040\000T\000h\000e\000o\000r\000y}{}% 39
\BOOKMARK [2][-]{subsection.7.1}{\376\377\000T\000h\000e\000\040\000A\000d\000m\000i\000s\000s\000i\000b\000i\000l\000i\000t\000y\000\040\000P\000r\000o\000g\000r\000a\000m}{section.7}% 40
\BOOKMARK [2][-]{subsection.7.2}{\376\377\000D\000i\000s\000t\000i\000n\000g\000u\000i\000s\000h\000a\000b\000i\000l\000i\000t\000y\000\040\000G\000e\000o\000m\000e\000t\000r\000y}{section.7}% 41
\BOOKMARK [2][-]{subsection.7.3}{\376\377\000R\000e\000p\000a\000i\000r\000\040\000T\000h\000e\000o\000r\000y}{section.7}% 42
\BOOKMARK [2][-]{subsection.7.4}{\376\377\000T\000h\000e\000\040\000R\000S\000V\000P\000\040\000C\000o\000n\000n\000e\000c\000t\000i\000o\000n}{section.7}% 43
\BOOKMARK [2][-]{subsection.7.5}{\376\377\000C\000o\000n\000v\000e\000r\000g\000e\000n\000c\000e\000\040\000o\000f\000\040\000T\000h\000r\000e\000e\000\040\000P\000r\000o\000g\000r\000a\000m\000s}{section.7}% 44
\BOOKMARK [1][-]{section.8}{\376\377\000N\000e\000g\000a\000t\000i\000o\000n\000\040\000B\000e\000f\000o\000r\000e\000\040\000L\000o\000g\000i\000c}{}% 45
\BOOKMARK [2][-]{subsection.8.1}{\376\377\000T\000h\000e\000\040\000S\000t\000a\000n\000d\000a\000r\000d\000\040\000P\000i\000c\000t\000u\000r\000e\000\040\000a\000n\000d\000\040\000I\000t\000s\000\040\000I\000n\000v\000e\000r\000s\000i\000o\000n}{section.8}% 46
\BOOKMARK [2][-]{subsection.8.2}{\376\377\000D\000i\000s\000t\000i\000n\000c\000t\000i\000o\000n\000s\000\040\000B\000e\000f\000o\000r\000e\000\040\000P\000r\000o\000p\000o\000s\000i\000t\000i\000o\000n\000s}{section.8}% 47
\BOOKMARK [2][-]{subsection.8.3}{\376\377\000O\000r\000i\000e\000n\000t\000a\000t\000i\000o\000n\000\040\000a\000s\000\040\000t\000h\000e\000\040\000P\000r\000i\000m\000i\000t\000i\000v\000e\000\040\000L\000o\000g\000i\000c\000a\000l\000\040\000N\000o\000t\000i\000o\000n}{section.8}% 48
\BOOKMARK [2][-]{subsection.8.4}{\376\377\000T\000h\000e\000\040\000P\000r\000i\000o\000r\000i\000t\000y\000\040\000o\000f\000\040\000A\000d\000m\000i\000s\000s\000i\000b\000i\000l\000i\000t\000y}{section.8}% 49
\BOOKMARK [2][-]{subsection.8.5}{\376\377\000T\000r\000u\000t\000h\000\040\000a\000s\000\040\000V\000e\000r\000i\000f\000i\000e\000d\000\040\000R\000e\000a\000c\000h\000a\000b\000i\000l\000i\000t\000y}{section.8}% 50
\BOOKMARK [2][-]{subsection.8.6}{\376\377\000N\000e\000g\000a\000t\000i\000o\000n\000\040\000B\000e\000f\000o\000r\000e\000\040\000L\000o\000g\000i\000c\000:\000\040\000T\000h\000e\000\040\000T\000h\000e\000s\000i\000s}{section.8}% 51
\BOOKMARK [2][-]{subsection.8.7}{\376\377\000C\000o\000n\000s\000e\000q\000u\000e\000n\000c\000e\000s\000\040\000a\000n\000d\000\040\000O\000p\000e\000n\000\040\000Q\000u\000e\000s\000t\000i\000o\000n\000s}{section.8}% 52
\BOOKMARK [1][-]{appendix.A}{\376\377\000M\000o\000n\000o\000t\000o\000n\000i\000c\000i\000t\000y\000\040\000a\000s\000\040\000R\000e\000a\000c\000h\000a\000b\000i\000l\000i\000t\000y\000\040\000P\000r\000e\000s\000e\000r\000v\000a\000t\000i\000o\000n}{}% 53
\BOOKMARK [2][-]{subsection.A.1}{\376\377\000R\000e\000a\000c\000h\000a\000b\000i\000l\000i\000t\000y\000\040\000S\000p\000a\000c\000e\000s}{appendix.A}% 54
\BOOKMARK [2][-]{subsection.A.2}{\376\377\000M\000o\000n\000o\000t\000o\000n\000i\000c\000i\000t\000y\000\040\000T\000r\000a\000n\000s\000f\000o\000r\000m\000a\000t\000i\000o\000n\000s}{appendix.A}% 55
\BOOKMARK [2][-]{subsection.A.3}{\376\377\000R\000e\000a\000c\000h\000a\000b\000i\000l\000i\000t\000y\000\040\000C\000h\000a\000r\000a\000c\000t\000e\000r\000i\000z\000a\000t\000i\000o\000n}{appendix.A}% 56
\BOOKMARK [2][-]{subsection.A.4}{\376\377\000N\000e\000g\000a\000t\000i\000o\000n\000\040\000a\000s\000\040\000O\000r\000i\000e\000n\000t\000a\000t\000i\000o\000n\000\040\000R\000e\000v\000e\000r\000s\000a\000l}{appendix.A}% 57
\BOOKMARK [2][-]{subsection.A.5}{\376\377\000O\000r\000i\000e\000n\000t\000a\000t\000i\000o\000n\000\040\000C\000l\000a\000s\000s\000e\000s}{appendix.A}% 58
\BOOKMARK [2][-]{subsection.A.6}{\376\377\000R\000e\000a\000c\000h\000a\000b\000i\000l\000i\000t\000y\000\040\000I\000n\000t\000e\000r\000p\000r\000e\000t\000a\000t\000i\000o\000n\000\040\000o\000f\000\040\000M\000o\000n\000o\000t\000o\000n\000i\000c\000i\000t\000y}{appendix.A}% 59
\BOOKMARK [1][-]{appendix.B}{\376\377\000G\000e\000o\000m\000e\000t\000r\000y\000\040\000o\000f\000\040\000O\000r\000i\000e\000n\000t\000a\000t\000i\000o\000n\000\040\000B\000o\000u\000n\000d\000a\000r\000i\000e\000s}{}% 60
\BOOKMARK [2][-]{subsection.B.1}{\376\377\000O\000r\000i\000e\000n\000t\000a\000t\000i\000o\000n\000\040\000M\000a\000n\000i\000f\000o\000l\000d\000s}{appendix.B}% 61
\BOOKMARK [2][-]{subsection.B.2}{\376\377\000O\000r\000i\000e\000n\000t\000a\000t\000i\000o\000n\000\040\000G\000r\000a\000d\000i\000e\000n\000t}{appendix.B}% 62
\BOOKMARK [2][-]{subsection.B.3}{\376\377\000B\000o\000u\000n\000d\000a\000r\000y\000\040\000C\000u\000r\000v\000a\000t\000u\000r\000e}{appendix.B}% 63
\BOOKMARK [2][-]{subsection.B.4}{\376\377\000C\000u\000r\000v\000a\000t\000u\000r\000e\000\040\000C\000o\000n\000c\000e\000n\000t\000r\000a\000t\000i\000o\000n}{appendix.B}% 64
\BOOKMARK [2][-]{subsection.B.5}{\376\377\000O\000r\000i\000e\000n\000t\000a\000t\000i\000o\000n\000\040\000D\000i\000s\000t\000o\000r\000t\000i\000o\000n\000\040\000F\000u\000n\000c\000t\000i\000o\000n\000a\000l}{appendix.B}% 65
\BOOKMARK [2][-]{subsection.B.6}{\376\377\000B\000o\000u\000n\000d\000a\000r\000y\000\040\000C\000o\000s\000t\000\040\000F\000u\000n\000c\000t\000i\000o\000n\000a\000l}{appendix.B}% 66
\BOOKMARK [2][-]{subsection.B.7}{\376\377\000B\000o\000u\000n\000d\000a\000r\000y\000\040\000A\000m\000p\000l\000i\000f\000i\000c\000a\000t\000i\000o\000n\000\040\000T\000h\000e\000o\000r\000e\000m}{appendix.B}% 67
\BOOKMARK [2][-]{subsection.B.8}{\376\377\000S\000i\000n\000g\000u\000l\000a\000r\000\040\000B\000o\000u\000n\000d\000a\000r\000i\000e\000s}{appendix.B}% 68
\BOOKMARK [2][-]{subsection.B.9}{\376\377\000G\000l\000o\000b\000a\000l\000\040\000O\000r\000i\000e\000n\000t\000a\000t\000i\000o\000n\000\040\000G\000e\000o\000m\000e\000t\000r\000y}{appendix.B}% 69
\BOOKMARK [2][-]{subsection.B.10}{\376\377\000O\000r\000i\000e\000n\000t\000a\000t\000i\000o\000n\000\040\000B\000o\000u\000n\000d\000a\000r\000y\000\040\000P\000r\000i\000n\000c\000i\000p\000l\000e}{appendix.B}% 70
\BOOKMARK [1][-]{appendix.C}{\376\377\000N\000e\000g\000a\000t\000i\000o\000n\000\040\000D\000i\000s\000t\000o\000r\000t\000i\000o\000n\000\040\000a\000n\000d\000\040\000R\000e\000a\000c\000h\000a\000b\000i\000l\000i\000t\000y\000\040\000M\000e\000t\000r\000i\000c\000s}{}% 71
\BOOKMARK [2][-]{subsection.C.1}{\376\377\000M\000e\000t\000r\000i\000c\000\040\000R\000e\000a\000c\000h\000a\000b\000i\000l\000i\000t\000y\000\040\000S\000p\000a\000c\000e\000s}{appendix.C}% 72
\BOOKMARK [2][-]{subsection.C.2}{\376\377\000I\000n\000f\000e\000r\000e\000n\000t\000i\000a\000l\000\040\000G\000e\000o\000d\000e\000s\000i\000c\000s}{appendix.C}% 73
\BOOKMARK [2][-]{subsection.C.3}{\376\377\000N\000e\000g\000a\000t\000i\000o\000n\000\040\000D\000i\000s\000t\000o\000r\000t\000i\000o\000n}{appendix.C}% 74
\BOOKMARK [2][-]{subsection.C.4}{\376\377\000D\000i\000s\000t\000o\000r\000t\000i\000o\000n\000\040\000G\000e\000o\000m\000e\000t\000r\000y}{appendix.C}% 75
\BOOKMARK [2][-]{subsection.C.5}{\376\377\000D\000i\000s\000t\000o\000r\000t\000i\000o\000n\000\040\000T\000e\000n\000s\000o\000r}{appendix.C}% 76
\BOOKMARK [2][-]{subsection.C.6}{\376\377\000I\000n\000t\000e\000g\000r\000a\000t\000e\000d\000\040\000D\000i\000s\000t\000o\000r\000t\000i\000o\000n\000\040\000A\000c\000t\000i\000o\000n}{appendix.C}% 77
\BOOKMARK [2][-]{subsection.C.7}{\376\377\000R\000e\000a\000c\000h\000a\000b\000i\000l\000i\000t\000y\000\040\000D\000i\000s\000p\000l\000a\000c\000e\000m\000e\000n\000t}{appendix.C}% 78
\BOOKMARK [2][-]{subsection.C.8}{\376\377\000D\000o\000u\000b\000l\000e\000\040\000N\000e\000g\000a\000t\000i\000o\000n\000\040\000R\000e\000s\000t\000o\000r\000a\000t\000i\000o\000n}{appendix.C}% 79
\BOOKMARK [2][-]{subsection.C.9}{\376\377\000O\000r\000i\000e\000n\000t\000a\000t\000i\000o\000n\000-\000R\000e\000v\000e\000r\000s\000a\000l\000\040\000G\000e\000o\000d\000e\000s\000i\000c\000s}{appendix.C}% 80
\BOOKMARK [2][-]{subsection.C.10}{\376\377\000C\000u\000r\000v\000a\000t\000u\000r\000e\000\040\000o\000f\000\040\000N\000e\000g\000a\000t\000i\000o\000n}{appendix.C}% 81
\BOOKMARK [2][-]{subsection.C.11}{\376\377\000S\000p\000e\000c\000t\000r\000a\000l\000\040\000D\000i\000s\000t\000o\000r\000t\000i\000o\000n}{appendix.C}% 82
\BOOKMARK [2][-]{subsection.C.12}{\376\377\000D\000i\000s\000t\000o\000r\000t\000i\000o\000n\000\040\000P\000r\000i\000n\000c\000i\000p\000l\000e}{appendix.C}% 83
\BOOKMARK [1][-]{appendix.D}{\376\377\000P\000e\000r\000s\000i\000s\000t\000e\000n\000c\000e\000\040\000o\000f\000\040\000N\000e\000g\000a\000t\000i\000o\000n\000\040\000D\000i\000s\000t\000o\000r\000t\000i\000o\000n}{}% 84
\BOOKMARK [2][-]{subsection.D.1}{\376\377\000M\000e\000m\000o\000r\000y\000\040\000R\000e\000a\000c\000h\000a\000b\000i\000l\000i\000t\000y\000\040\000S\000y\000s\000t\000e\000m\000s}{appendix.D}% 85
\BOOKMARK [2][-]{subsection.D.2}{\376\377\000D\000i\000s\000t\000o\000r\000t\000i\000o\000n\000\040\000M\000e\000m\000o\000r\000y\000\040\000S\000t\000a\000t\000e\000s}{appendix.D}% 86
\BOOKMARK [2][-]{subsection.D.3}{\376\377\000P\000e\000r\000s\000i\000s\000t\000e\000n\000c\000e\000\040\000O\000p\000e\000r\000a\000t\000o\000r\000s}{appendix.D}% 87
\BOOKMARK [2][-]{subsection.D.4}{\376\377\000D\000i\000s\000t\000o\000r\000t\000i\000o\000n\000\040\000C\000o\000n\000s\000e\000r\000v\000a\000t\000i\000o\000n}{appendix.D}% 88
\BOOKMARK [2][-]{subsection.D.5}{\376\377\000M\000e\000m\000o\000r\000y\000\040\000D\000e\000c\000a\000y}{appendix.D}% 89
\BOOKMARK [2][-]{subsection.D.6}{\376\377\000E\000c\000p\000h\000o\000r\000y\000\040\000D\000y\000n\000a\000m\000i\000c\000s}{appendix.D}% 90
\BOOKMARK [2][-]{subsection.D.7}{\376\377\000P\000e\000r\000s\000i\000s\000t\000e\000n\000c\000e\000\040\000o\000f\000\040\000O\000r\000i\000e\000n\000t\000a\000t\000i\000o\000n\000\040\000S\000t\000r\000u\000c\000t\000u\000r\000e}{appendix.D}% 91
\BOOKMARK [2][-]{subsection.D.8}{\376\377\000D\000e\000l\000a\000y\000e\000d\000\040\000V\000e\000r\000i\000f\000i\000c\000a\000t\000i\000o\000n\000\040\000D\000y\000n\000a\000m\000i\000c\000s}{appendix.D}% 92
\BOOKMARK [2][-]{subsection.D.9}{\376\377\000D\000i\000s\000t\000o\000r\000t\000i\000o\000n\000\040\000P\000e\000r\000s\000i\000s\000t\000e\000n\000c\000e\000\040\000S\000p\000e\000c\000t\000r\000u\000m}{appendix.D}% 93
\BOOKMARK [2][-]{subsection.D.10}{\376\377\000R\000e\000c\000o\000v\000e\000r\000a\000b\000i\000l\000i\000t\000y\000\040\000G\000e\000o\000m\000e\000t\000r\000y}{appendix.D}% 94
\BOOKMARK [2][-]{subsection.D.11}{\376\377\000D\000e\000l\000a\000y\000e\000d\000\040\000V\000e\000r\000i\000f\000i\000c\000a\000t\000i\000o\000n\000\040\000T\000h\000e\000o\000r\000e\000m}{appendix.D}% 95
\BOOKMARK [2][-]{subsection.D.12}{\376\377\000P\000e\000r\000s\000i\000s\000t\000e\000n\000c\000e\000\040\000P\000r\000i\000n\000c\000i\000p\000l\000e}{appendix.D}% 96
\BOOKMARK [1][-]{appendix.E}{\376\377\000N\000P\000I\000\040\000L\000i\000c\000e\000n\000s\000i\000n\000g\000\040\000a\000s\000\040\000A\000d\000m\000i\000s\000s\000i\000b\000i\000l\000i\000t\000y\000\040\000G\000e\000o\000m\000e\000t\000r\000y}{}% 97
\BOOKMARK [2][-]{subsection.E.1}{\376\377\000A\000d\000m\000i\000s\000s\000i\000b\000i\000l\000i\000t\000y\000\040\000S\000p\000a\000c\000e\000s}{appendix.E}% 98
\BOOKMARK [2][-]{subsection.E.2}{\376\377\000L\000i\000c\000e\000n\000s\000i\000n\000g\000\040\000D\000o\000m\000a\000i\000n\000s}{appendix.E}% 99
\BOOKMARK [2][-]{subsection.E.3}{\376\377\000N\000P\000I\000\040\000P\000r\000o\000b\000e\000\040\000F\000u\000n\000c\000t\000i\000o\000n\000s}{appendix.E}% 100
\BOOKMARK [2][-]{subsection.E.4}{\376\377\000G\000e\000o\000m\000e\000t\000r\000i\000c\000\040\000L\000i\000c\000e\000n\000s\000i\000n\000g\000\040\000C\000r\000i\000t\000e\000r\000i\000o\000n}{appendix.E}% 101
\BOOKMARK [2][-]{subsection.E.5}{\376\377\000C\000o\000n\000n\000e\000c\000t\000e\000d\000\040\000L\000i\000c\000e\000n\000s\000i\000n\000g\000\040\000C\000o\000m\000p\000o\000n\000e\000n\000t\000s}{appendix.E}% 102
\BOOKMARK [2][-]{subsection.E.6}{\376\377\000B\000o\000u\000n\000d\000a\000r\000y\000\040\000G\000e\000o\000m\000e\000t\000r\000y}{appendix.E}% 103
\BOOKMARK [2][-]{subsection.E.7}{\376\377\000D\000i\000s\000t\000a\000n\000c\000e\000\040\000t\000o\000\040\000L\000i\000c\000e\000n\000s\000i\000n\000g}{appendix.E}% 104
\BOOKMARK [2][-]{subsection.E.8}{\376\377\000L\000i\000c\000e\000n\000s\000i\000n\000g\000\040\000F\000l\000u\000x}{appendix.E}% 105
\BOOKMARK [2][-]{subsection.E.9}{\376\377\000T\000o\000p\000o\000l\000o\000g\000i\000c\000a\000l\000\040\000L\000i\000c\000e\000n\000s\000i\000n\000g\000\040\000S\000t\000r\000u\000c\000t\000u\000r\000e}{appendix.E}% 106
\BOOKMARK [2][-]{subsection.E.10}{\376\377\000S\000p\000e\000c\000t\000r\000a\000l\000\040\000L\000i\000c\000e\000n\000s\000i\000n\000g\000\040\000T\000h\000e\000o\000r\000y}{appendix.E}% 107
\BOOKMARK [2][-]{subsection.E.11}{\376\377\000P\000r\000o\000b\000e\000\040\000S\000t\000a\000b\000i\000l\000i\000t\000y}{appendix.E}% 108
\BOOKMARK [2][-]{subsection.E.12}{\376\377\000L\000i\000c\000e\000n\000s\000i\000n\000g\000\040\000A\000c\000t\000i\000o\000n\000\040\000F\000u\000n\000c\000t\000i\000o\000n\000a\000l}{appendix.E}% 109
\BOOKMARK [2][-]{subsection.E.13}{\376\377\000N\000P\000I\000\040\000P\000r\000o\000b\000e\000\040\000T\000h\000e\000o\000r\000e\000m}{appendix.E}% 110
\BOOKMARK [2][-]{subsection.E.14}{\376\377\000G\000e\000o\000m\000e\000t\000r\000i\000c\000\040\000L\000i\000c\000e\000n\000s\000i\000n\000g\000\040\000P\000r\000i\000n\000c\000i\000p\000l\000e}{appendix.E}% 111
\BOOKMARK [1][-]{appendix.F}{\376\377\000N\000e\000u\000r\000a\000l\000\040\000D\000i\000s\000s\000o\000c\000i\000a\000t\000i\000o\000n\000\040\000C\000o\000n\000s\000t\000r\000a\000i\000n\000t\000s\000\040\000a\000n\000d\000\040\000I\000n\000f\000e\000r\000e\000n\000t\000i\000a\000l\000\040\000F\000i\000e\000l\000d\000\040\000O\000p\000e\000r\000a\000t\000o\000r\000s}{}% 112
\BOOKMARK [2][-]{subsection.F.1}{\376\377\000N\000e\000u\000r\000a\000l\000\040\000S\000t\000a\000t\000e\000\040\000S\000p\000a\000c\000e\000s}{appendix.F}% 113
\BOOKMARK [2][-]{subsection.F.2}{\376\377\000O\000p\000e\000r\000a\000t\000o\000r\000\040\000D\000e\000c\000o\000m\000p\000o\000s\000i\000t\000i\000o\000n}{appendix.F}% 114
\BOOKMARK [2][-]{subsection.F.3}{\376\377\000S\000e\000q\000u\000e\000n\000t\000i\000a\000l\000\040\000A\000r\000c\000h\000i\000t\000e\000c\000t\000u\000r\000e}{appendix.F}% 115
\BOOKMARK [2][-]{subsection.F.4}{\376\377\000F\000u\000n\000c\000t\000i\000o\000n\000a\000l\000\040\000I\000n\000d\000e\000p\000e\000n\000d\000e\000n\000c\000e}{appendix.F}% 116
\BOOKMARK [2][-]{subsection.F.5}{\376\377\000O\000r\000i\000e\000n\000t\000a\000t\000i\000o\000n\000\040\000C\000o\000n\000s\000t\000r\000u\000c\000t\000i\000o\000n}{appendix.F}% 117
\BOOKMARK [2][-]{subsection.F.6}{\376\377\000N\000e\000g\000a\000t\000i\000o\000n\000\040\000D\000y\000n\000a\000m\000i\000c\000s}{appendix.F}% 118
\BOOKMARK [2][-]{subsection.F.7}{\376\377\000V\000e\000r\000i\000f\000i\000c\000a\000t\000i\000o\000n\000\040\000G\000e\000o\000m\000e\000t\000r\000y}{appendix.F}% 119
\BOOKMARK [2][-]{subsection.F.8}{\376\377\000O\000p\000e\000r\000a\000t\000o\000r\000\040\000N\000o\000n\000-\000C\000o\000m\000m\000u\000t\000a\000t\000i\000v\000i\000t\000y}{appendix.F}% 120
\BOOKMARK [2][-]{subsection.F.9}{\376\377\000P\000e\000r\000t\000u\000r\000b\000a\000t\000i\000o\000n\000\040\000T\000h\000e\000o\000r\000y}{appendix.F}% 121
\BOOKMARK [2][-]{subsection.F.10}{\376\377\000I\000d\000e\000n\000t\000i\000f\000i\000a\000b\000i\000l\000i\000t\000y}{appendix.F}% 122
\BOOKMARK [2][-]{subsection.F.11}{\376\377\000M\000i\000n\000i\000m\000a\000l\000\040\000N\000e\000u\000r\000a\000l\000\040\000A\000r\000c\000h\000i\000t\000e\000c\000t\000u\000r\000e}{appendix.F}% 123
\BOOKMARK [2][-]{subsection.F.12}{\376\377\000N\000e\000u\000r\000a\000l\000\040\000D\000i\000s\000s\000o\000c\000i\000a\000t\000i\000o\000n\000\040\000T\000h\000e\000o\000r\000e\000m}{appendix.F}% 124
\BOOKMARK [2][-]{subsection.F.13}{\376\377\000S\000t\000r\000o\000n\000g\000\040\000D\000i\000s\000s\000o\000c\000i\000a\000t\000i\000o\000n\000\040\000C\000o\000r\000o\000l\000l\000a\000r\000y}{appendix.F}% 125
\BOOKMARK [2][-]{subsection.F.14}{\376\377\000O\000p\000e\000r\000a\000t\000o\000r\000\040\000S\000e\000p\000a\000r\000a\000t\000i\000o\000n\000\040\000P\000r\000i\000n\000c\000i\000p\000l\000e}{appendix.F}% 126
\BOOKMARK [1][-]{appendix.G}{\376\377\000I\000n\000f\000e\000r\000e\000n\000t\000i\000a\000l\000\040\000F\000i\000e\000l\000d\000\040\000S\000e\000m\000a\000n\000t\000i\000c\000s\000\040\000a\000n\000d\000\040\000C\000l\000a\000s\000s\000i\000c\000a\000l\000\040\000L\000o\000g\000i\000c}{}% 127
\BOOKMARK [2][-]{subsection.G.1}{\376\377\000I\000n\000f\000e\000r\000e\000n\000t\000i\000a\000l\000\040\000F\000i\000e\000l\000d\000s}{appendix.G}% 128
\BOOKMARK [2][-]{subsection.G.2}{\376\377\000L\000o\000g\000i\000c\000a\000l\000\040\000I\000n\000t\000e\000r\000p\000r\000e\000t\000a\000t\000i\000o\000n}{appendix.G}% 129
\BOOKMARK [2][-]{subsection.G.3}{\376\377\000C\000o\000n\000j\000u\000n\000c\000t\000i\000o\000n}{appendix.G}% 130
\BOOKMARK [2][-]{subsection.G.4}{\376\377\000D\000i\000s\000j\000u\000n\000c\000t\000i\000o\000n}{appendix.G}% 131
\BOOKMARK [2][-]{subsection.G.5}{\376\377\000I\000m\000p\000l\000i\000c\000a\000t\000i\000o\000n}{appendix.G}% 132
\BOOKMARK [2][-]{subsection.G.6}{\376\377\000N\000e\000g\000a\000t\000i\000o\000n}{appendix.G}% 133
\BOOKMARK [2][-]{subsection.G.7}{\376\377\000D\000o\000u\000b\000l\000e\000\040\000N\000e\000g\000a\000t\000i\000o\000n}{appendix.G}% 134
\BOOKMARK [2][-]{subsection.G.8}{\376\377\000T\000r\000u\000t\000h\000\040\000R\000e\000g\000i\000o\000n\000s}{appendix.G}% 135
\BOOKMARK [2][-]{subsection.G.9}{\376\377\000S\000o\000u\000n\000d\000n\000e\000s\000s}{appendix.G}% 136
\BOOKMARK [2][-]{subsection.G.10}{\376\377\000C\000o\000m\000p\000l\000e\000t\000e\000n\000e\000s\000s}{appendix.G}% 137
\BOOKMARK [2][-]{subsection.G.11}{\376\377\000B\000o\000o\000l\000e\000a\000n\000\040\000S\000t\000r\000u\000c\000t\000u\000r\000e}{appendix.G}% 138
\BOOKMARK [2][-]{subsection.G.12}{\376\377\000O\000r\000i\000e\000n\000t\000a\000t\000i\000o\000n\000-\000N\000e\000u\000t\000r\000a\000l\000\040\000R\000e\000g\000i\000o\000n\000s}{appendix.G}% 139
\BOOKMARK [2][-]{subsection.G.13}{\376\377\000I\000n\000t\000u\000i\000t\000i\000o\000n\000i\000s\000t\000i\000c\000\040\000B\000o\000u\000n\000d\000a\000r\000y\000\040\000L\000o\000g\000i\000c}{appendix.G}% 140
\BOOKMARK [2][-]{subsection.G.14}{\376\377\000M\000o\000d\000a\000l\000\040\000R\000e\000a\000c\000h\000a\000b\000i\000l\000i\000t\000y}{appendix.G}% 141
\BOOKMARK [2][-]{subsection.G.15}{\376\377\000R\000e\000a\000c\000h\000a\000b\000i\000l\000i\000t\000y\000\040\000F\000r\000a\000m\000e\000s}{appendix.G}% 142
\BOOKMARK [2][-]{subsection.G.16}{\376\377\000R\000e\000p\000r\000e\000s\000e\000n\000t\000a\000t\000i\000o\000n\000\040\000T\000h\000e\000o\000r\000e\000m}{appendix.G}% 143
\BOOKMARK [2][-]{subsection.G.17}{\376\377\000N\000e\000g\000a\000t\000i\000o\000n\000\040\000B\000e\000f\000o\000r\000e\000\040\000L\000o\000g\000i\000c\000\040\000T\000h\000e\000o\000r\000e\000m}{appendix.G}% 144
\BOOKMARK [1][-]{appendix.H}{\376\377\000D\000i\000s\000t\000i\000n\000g\000u\000i\000s\000h\000a\000b\000i\000l\000i\000t\000y\000\040\000G\000e\000o\000m\000e\000t\000r\000y\000\040\000a\000n\000d\000\040\000I\000n\000f\000e\000r\000e\000n\000t\000i\000a\000l\000\040\000D\000i\000s\000p\000l\000a\000c\000e\000m\000e\000n\000t}{}% 145
\BOOKMARK [2][-]{subsection.H.1}{\376\377\000D\000i\000s\000t\000i\000n\000g\000u\000i\000s\000h\000a\000b\000i\000l\000i\000t\000y\000\040\000S\000p\000a\000c\000e\000s}{appendix.H}% 146
\BOOKMARK [2][-]{subsection.H.2}{\376\377\000D\000i\000s\000t\000i\000n\000g\000u\000i\000s\000h\000a\000b\000i\000l\000i\000t\000y\000\040\000M\000e\000t\000r\000i\000c\000s}{appendix.H}% 147
\BOOKMARK [2][-]{subsection.H.3}{\376\377\000R\000e\000a\000c\000h\000a\000b\000i\000l\000i\000t\000y\000\040\000E\000m\000b\000e\000d\000d\000i\000n\000g}{appendix.H}% 148
\BOOKMARK [2][-]{subsection.H.4}{\376\377\000D\000i\000s\000t\000i\000n\000g\000u\000i\000s\000h\000a\000b\000i\000l\000i\000t\000y\000\040\000D\000e\000f\000i\000c\000i\000t}{appendix.H}% 149
\BOOKMARK [2][-]{subsection.H.5}{\376\377\000N\000e\000g\000a\000t\000i\000o\000n\000\040\000a\000s\000\040\000D\000i\000s\000t\000i\000n\000g\000u\000i\000s\000h\000a\000b\000i\000l\000i\000t\000y\000\040\000D\000i\000s\000p\000l\000a\000c\000e\000m\000e\000n\000t}{appendix.H}% 150
\BOOKMARK [2][-]{subsection.H.6}{\376\377\000D\000i\000s\000t\000i\000n\000g\000u\000i\000s\000h\000a\000b\000i\000l\000i\000t\000y\000\040\000T\000e\000n\000s\000o\000r\000\040\000G\000e\000o\000m\000e\000t\000r\000y}{appendix.H}% 151
\BOOKMARK [2][-]{subsection.H.7}{\376\377\000D\000i\000s\000t\000i\000n\000g\000u\000i\000s\000h\000a\000b\000i\000l\000i\000t\000y\000\040\000C\000u\000r\000v\000a\000t\000u\000r\000e}{appendix.H}% 152
\BOOKMARK [2][-]{subsection.H.8}{\376\377\000A\000d\000m\000i\000s\000s\000i\000b\000i\000l\000i\000t\000y\000\040\000Q\000u\000o\000t\000i\000e\000n\000t\000s}{appendix.H}% 153
\BOOKMARK [2][-]{subsection.H.9}{\376\377\000D\000i\000s\000t\000i\000n\000g\000u\000i\000s\000h\000a\000b\000i\000l\000i\000t\000y\000\040\000E\000n\000t\000r\000o\000p\000y}{appendix.H}% 154
\BOOKMARK [2][-]{subsection.H.10}{\376\377\000R\000e\000p\000a\000i\000r\000\040\000O\000p\000e\000r\000a\000t\000o\000r\000s}{appendix.H}% 155
\BOOKMARK [2][-]{subsection.H.11}{\376\377\000C\000o\000n\000t\000i\000n\000u\000a\000t\000i\000o\000n\000\040\000G\000e\000o\000m\000e\000t\000r\000y}{appendix.H}% 156
\BOOKMARK [2][-]{subsection.H.12}{\376\377\000A\000d\000m\000i\000s\000s\000i\000b\000i\000l\000i\000t\000y\000\040\000E\000m\000e\000r\000g\000e\000n\000c\000e}{appendix.H}% 157
\BOOKMARK [2][-]{subsection.H.13}{\376\377\000H\000i\000e\000r\000a\000r\000c\000h\000y\000\040\000T\000h\000e\000o\000r\000e\000m}{appendix.H}% 158
\BOOKMARK [2][-]{subsection.H.14}{\376\377\000U\000n\000i\000f\000i\000c\000a\000t\000i\000o\000n\000\040\000T\000h\000e\000o\000r\000e\000m}{appendix.H}% 159
\BOOKMARK [2][-]{subsection.H.15}{\376\377\000F\000u\000n\000d\000a\000m\000e\000n\000t\000a\000l\000\040\000G\000e\000o\000m\000e\000t\000r\000i\000c\000\040\000P\000r\000i\000n\000c\000i\000p\000l\000e}{appendix.H}% 160
\BOOKMARK [1][-]{appendix.I}{\376\377\000G\000e\000o\000m\000e\000t\000r\000i\000c\000\040\000F\000o\000u\000n\000d\000a\000t\000i\000o\000n\000s\000\040\000o\000f\000\040\000A\000d\000m\000i\000s\000s\000i\000b\000i\000l\000i\000t\000y}{}% 161
\BOOKMARK [2][-]{subsection.I.1}{\376\377\000F\000u\000n\000d\000a\000m\000e\000n\000t\000a\000l\000\040\000C\000o\000n\000f\000i\000g\000u\000r\000a\000t\000i\000o\000n\000\040\000S\000p\000a\000c\000e}{appendix.I}% 162
\BOOKMARK [2][-]{subsection.I.2}{\376\377\000F\000u\000n\000d\000a\000m\000e\000n\000t\000a\000l\000\040\000P\000r\000i\000n\000c\000i\000p\000l\000e}{appendix.I}% 163
\BOOKMARK [2][-]{subsection.I.3}{\376\377\000F\000u\000n\000d\000a\000m\000e\000n\000t\000a\000l\000\040\000A\000c\000t\000i\000o\000n}{appendix.I}% 164
\BOOKMARK [2][-]{subsection.I.4}{\376\377\000D\000i\000s\000t\000i\000n\000g\000u\000i\000s\000h\000a\000b\000i\000l\000i\000t\000y\000\040\000S\000e\000c\000t\000o\000r}{appendix.I}% 165
\BOOKMARK [2][-]{subsection.I.5}{\376\377\000O\000r\000i\000e\000n\000t\000a\000t\000i\000o\000n\000\040\000S\000e\000c\000t\000o\000r}{appendix.I}% 166
\BOOKMARK [2][-]{subsection.I.6}{\376\377\000M\000e\000m\000o\000r\000y\000\040\000S\000e\000c\000t\000o\000r}{appendix.I}% 167
\BOOKMARK [2][-]{subsection.I.7}{\376\377\000R\000e\000p\000a\000i\000r\000\040\000S\000e\000c\000t\000o\000r}{appendix.I}% 168
\BOOKMARK [2][-]{subsection.I.8}{\376\377\000A\000d\000m\000i\000s\000s\000i\000b\000i\000l\000i\000t\000y\000\040\000S\000e\000c\000t\000o\000r}{appendix.I}% 169
\BOOKMARK [2][-]{subsection.I.9}{\376\377\000I\000n\000t\000e\000r\000a\000c\000t\000i\000o\000n\000\040\000T\000e\000r\000m\000s}{appendix.I}% 170
\BOOKMARK [2][-]{subsection.I.10}{\376\377\000C\000o\000u\000p\000l\000e\000d\000\040\000F\000i\000e\000l\000d\000\040\000E\000q\000u\000a\000t\000i\000o\000n\000s}{appendix.I}% 171
\BOOKMARK [2][-]{subsection.I.11}{\376\377\000F\000u\000n\000d\000a\000m\000e\000n\000t\000a\000l\000\040\000D\000e\000p\000e\000n\000d\000e\000n\000c\000y\000\040\000C\000h\000a\000i\000n}{appendix.I}% 172
\BOOKMARK [2][-]{subsection.I.12}{\376\377\000D\000i\000s\000t\000i\000n\000g\000u\000i\000s\000h\000a\000b\000i\000l\000i\000t\000y\000\040\000C\000u\000r\000r\000e\000n\000t}{appendix.I}% 173
\BOOKMARK [2][-]{subsection.I.13}{\376\377\000O\000r\000i\000e\000n\000t\000a\000t\000i\000o\000n\000\040\000C\000u\000r\000r\000e\000n\000t}{appendix.I}% 174
\BOOKMARK [2][-]{subsection.I.14}{\376\377\000M\000e\000m\000o\000r\000y\000\040\000C\000u\000r\000r\000e\000n\000t}{appendix.I}% 175
\BOOKMARK [2][-]{subsection.I.15}{\376\377\000R\000e\000p\000a\000i\000r\000\040\000C\000u\000r\000r\000e\000n\000t}{appendix.I}% 176
\BOOKMARK [2][-]{subsection.I.16}{\376\377\000A\000d\000m\000i\000s\000s\000i\000b\000i\000l\000i\000t\000y\000\040\000C\000u\000r\000r\000e\000n\000t}{appendix.I}% 177
\BOOKMARK [2][-]{subsection.I.17}{\376\377\000C\000o\000n\000s\000e\000r\000v\000a\000t\000i\000o\000n\000\040\000L\000a\000w}{appendix.I}% 178
\BOOKMARK [2][-]{subsection.I.18}{\376\377\000R\000e\000c\000o\000v\000e\000r\000a\000b\000i\000l\000i\000t\000y\000\040\000F\000u\000n\000c\000t\000i\000o\000n\000a\000l}{appendix.I}% 179
\BOOKMARK [2][-]{subsection.I.19}{\376\377\000C\000o\000n\000t\000i\000n\000u\000a\000t\000i\000o\000n\000\040\000F\000u\000n\000c\000t\000i\000o\000n\000a\000l}{appendix.I}% 180
\BOOKMARK [2][-]{subsection.I.20}{\376\377\000A\000d\000m\000i\000s\000s\000i\000b\000i\000l\000i\000t\000y\000\040\000F\000u\000n\000c\000t\000i\000o\000n\000a\000l}{appendix.I}% 181
\BOOKMARK [2][-]{subsection.I.21}{\376\377\000E\000n\000t\000r\000o\000p\000y\000\040\000a\000s\000\040\000D\000e\000f\000i\000c\000i\000t}{appendix.I}% 182
\BOOKMARK [2][-]{subsection.I.22}{\376\377\000M\000a\000s\000t\000e\000r\000\040\000S\000t\000a\000b\000i\000l\000i\000t\000y\000\040\000F\000u\000n\000c\000t\000i\000o\000n\000a\000l}{appendix.I}% 183
\BOOKMARK [2][-]{subsection.I.23}{\376\377\000G\000r\000a\000n\000d\000\040\000U\000n\000i\000f\000i\000c\000a\000t\000i\000o\000n\000\040\000T\000h\000e\000o\000r\000e\000m}{appendix.I}% 184
\BOOKMARK [2][-]{subsection.I.24}{\376\377\000T\000h\000e\000\040\000F\000a\000t\000e\000\040\000o\000f\000\040\000D\000i\000s\000t\000i\000n\000g\000u\000i\000s\000h\000a\000b\000i\000l\000i\000t\000y}{appendix.I}% 185
